Archive member included to satisfy reference by file (symbol)

app/libapp.a(main.c.obj)      (--whole-archive)
zephyr/libzephyr.a(validate_libc.c.obj)
                              (--whole-archive)
zephyr/libzephyr.a(heap.c.obj)
                              (--whole-archive)
zephyr/libzephyr.a(cbprintf_packaged.c.obj)
                              (--whole-archive)
zephyr/libzephyr.a(clock.c.obj)
                              (--whole-archive)
zephyr/libzephyr.a(printk.c.obj)
                              (--whole-archive)
zephyr/libzephyr.a(sem.c.obj)
                              (--whole-archive)
zephyr/libzephyr.a(thread_entry.c.obj)
                              (--whole-archive)
zephyr/libzephyr.a(cbprintf_complete.c.obj)
                              (--whole-archive)
zephyr/libzephyr.a(assert.c.obj)
                              (--whole-archive)
zephyr/libzephyr.a(dec.c.obj)
                              (--whole-archive)
zephyr/libzephyr.a(hex.c.obj)
                              (--whole-archive)
zephyr/libzephyr.a(rb.c.obj)  (--whole-archive)
zephyr/libzephyr.a(timeutil.c.obj)
                              (--whole-archive)
zephyr/libzephyr.a(bitarray.c.obj)
                              (--whole-archive)
zephyr/libzephyr.a(bitmask.c.obj)
                              (--whole-archive)
zephyr/libzephyr.a(getopt.c.obj)
                              (--whole-archive)
zephyr/libzephyr.a(getopt_common.c.obj)
                              (--whole-archive)
zephyr/libzephyr.a(ring_buffer.c.obj)
                              (--whole-archive)
zephyr/libzephyr.a(last_section_id.c.obj)
                              (--whole-archive)
zephyr/libzephyr.a(configs.c.obj)
                              (--whole-archive)
zephyr/libzephyr.a(stm32cube_hal.c.obj)
                              (--whole-archive)
zephyr/libzephyr.a(soc_config.c.obj)
                              (--whole-archive)
zephyr/libzephyr.a(stm32_backup_domain.c.obj)
                              (--whole-archive)
zephyr/libzephyr.a(soc.c.obj)
                              (--whole-archive)
zephyr/libzephyr.a(mem_attr.c.obj)
                              (--whole-archive)
zephyr/libzephyr.a(tracing_none.c.obj)
                              (--whole-archive)
zephyr/arch/common/libarch__common.a(sw_isr_common.c.obj)
                              (--whole-archive)
zephyr/arch/common/libarch__common.a(init.c.obj)
                              (--whole-archive)
zephyr/arch/common/libarch__common.a(xip.c.obj)
                              (--whole-archive)
zephyr/arch/arch/arm/core/libarch__arm__core.a(fatal.c.obj)
                              (--whole-archive)
zephyr/arch/arch/arm/core/libarch__arm__core.a(nmi.c.obj)
                              (--whole-archive)
zephyr/arch/arch/arm/core/libarch__arm__core.a(nmi_on_reset.S.obj)
                              (--whole-archive)
zephyr/arch/arch/arm/core/libarch__arm__core.a(tls.c.obj)
                              (--whole-archive)
zephyr/arch/arch/arm/core/cortex_m/libarch__arm__core__cortex_m.a(exc_exit.c.obj)
                              (--whole-archive)
zephyr/arch/arch/arm/core/cortex_m/libarch__arm__core__cortex_m.a(fault.c.obj)
                              (--whole-archive)
zephyr/arch/arch/arm/core/cortex_m/libarch__arm__core__cortex_m.a(fault_s.S.obj)
                              (--whole-archive)
zephyr/arch/arch/arm/core/cortex_m/libarch__arm__core__cortex_m.a(fpu.c.obj)
                              (--whole-archive)
zephyr/arch/arch/arm/core/cortex_m/libarch__arm__core__cortex_m.a(reset.S.obj)
                              (--whole-archive)
zephyr/arch/arch/arm/core/cortex_m/libarch__arm__core__cortex_m.a(scb.c.obj)
                              (--whole-archive)
zephyr/arch/arch/arm/core/cortex_m/libarch__arm__core__cortex_m.a(thread_abort.c.obj)
                              (--whole-archive)
zephyr/arch/arch/arm/core/cortex_m/libarch__arm__core__cortex_m.a(vector_table.S.obj)
                              (--whole-archive)
zephyr/arch/arch/arm/core/cortex_m/libarch__arm__core__cortex_m.a(swap_helper.S.obj)
                              (--whole-archive)
zephyr/arch/arch/arm/core/cortex_m/libarch__arm__core__cortex_m.a(irq_manage.c.obj)
                              (--whole-archive)
zephyr/arch/arch/arm/core/cortex_m/libarch__arm__core__cortex_m.a(prep_c.c.obj)
                              (--whole-archive)
zephyr/arch/arch/arm/core/cortex_m/libarch__arm__core__cortex_m.a(thread.c.obj)
                              (--whole-archive)
zephyr/arch/arch/arm/core/cortex_m/libarch__arm__core__cortex_m.a(cpu_idle.c.obj)
                              (--whole-archive)
zephyr/arch/arch/arm/core/cortex_m/libarch__arm__core__cortex_m.a(irq_init.c.obj)
                              (--whole-archive)
zephyr/arch/arch/arm/core/cortex_m/libarch__arm__core__cortex_m.a(isr_wrapper.c.obj)
                              (--whole-archive)
[...]
Memory Configuration

Name             Origin             Length             Attributes
FLASH            0x0000000008000000 0x0000000000100000 xr
RAM              0x0000000020000000 0x0000000000020000 xw
SRAM0            0x0000000020000000 0x0000000000020000 rw
DTCM             0x0000000010000000 0x0000000000010000 rw
IDT_LIST         0x00000000ffff7fff 0x0000000000008000 xw
*default*        0x0000000000000000 0xffffffffffffffff

Linker script and memory map

                0x0000000008002b0c                vfprintf = __l_vfprintf
                0x0000000000000000                vfscanf = __l_vfscanf
LOAD zephyr/CMakeFiles/zephyr_final.dir/misc/empty_file.c.obj
LOAD zephyr/CMakeFiles/zephyr_final.dir/isr_tables.c.obj
LOAD zephyr/CMakeFiles/offsets.dir/./arch/arm/core/offsets/offsets.c.obj
LOAD app/libapp.a
LOAD zephyr/libzephyr.a
LOAD zephyr/arch/common/libarch__common.a
LOAD zephyr/arch/arch/arm/core/libarch__arm__core.a
LOAD zephyr/arch/arch/arm/core/cortex_m/libarch__arm__core__cortex_m.a
LOAD zephyr/arch/arch/arm/core/mpu/libarch__arm__core__mpu.a
LOAD zephyr/lib/libc/picolibc/liblib__libc__picolibc.a
LOAD zephyr/lib/libc/common/liblib__libc__common.a
LOAD zephyr/lib/posix/c_lib_ext/liblib__posix__c_lib_ext.a
LOAD zephyr/drivers/interrupt_controller/libdrivers__interrupt_controller.a
LOAD zephyr/drivers/clock_control/libdrivers__clock_control.a
LOAD zephyr/drivers/console/libdrivers__console.a
LOAD zephyr/drivers/gpio/libdrivers__gpio.a
LOAD zephyr/drivers/pinctrl/libdrivers__pinctrl.a
LOAD zephyr/drivers/reset/libdrivers__reset.a
LOAD zephyr/drivers/serial/libdrivers__serial.a
LOAD zephyr/drivers/timer/libdrivers__timer.a
LOAD modules/hal_stm32/stm32cube/lib..__modules__hal__stm32__stm32cube.a
LOAD zephyr/kernel/libkernel.a
LOAD zephyr/arch/common/libisr_tables.a
LOAD /home/bbzorba/zephyr-sdk-0.16.5/arm-zephyr-eabi/bin/../lib/gcc/../../picolibc/arm-zephyr-eabi/lib/thumb/v7e-m/nofp/libc.a
LOAD /home/bbzorba/zephyr-sdk-0.16.5/arm-zephyr-eabi/bin/../lib/gcc/arm-zephyr-eabi/12.2.0/thumb/v7e-m/nofp/libgcc.a
                0x0000000000000020                _region_min_align = 0x20

.rel.plt        0x0000000008000000        0x0
 *(SORT_BY_ALIGNMENT(.rel.plt))
                [!provide]                        PROVIDE (__rel_iplt_start = .)
 *(SORT_BY_ALIGNMENT(.rel.iplt))
 .rel.iplt      0x0000000008000000        0x0 zephyr/CMakeFiles/zephyr_final.dir/isr_tables.c.obj
                [!provide]                        PROVIDE (__rel_iplt_end = .)

.rela.plt       0x0000000000000000        0x0
 *(SORT_BY_ALIGNMENT(.rela.plt))
                [!provide]                        PROVIDE (__rela_iplt_start = .)
 *(SORT_BY_ALIGNMENT(.rela.iplt))
                [!provide]                        PROVIDE (__rela_iplt_end = .)

.rel.dyn
 *(SORT_BY_ALIGNMENT(.rel.*))

.rela.dyn
 *(SORT_BY_ALIGNMENT(.rela.*))

/DISCARD/
 *(SORT_BY_ALIGNMENT(.plt))

/DISCARD/
 *(SORT_BY_ALIGNMENT(.iplt))
                0x0000000008000000                __rom_region_start = 0x8000000

rom_start       0x0000000008000000      0x188
                0x0000000008000000                __rom_start_address = .
 FILL mask 0x00
                0x0000000008000000                . = (. + (0x0 - (. - __rom_start_address)))
                0x0000000008000000                . = ALIGN (0x4)
                0x0000000008000000                . = ALIGN (0x80)
                0x0000000008000000                . = ALIGN (0x200)
                0x0000000008000000                _vector_start = .
 *(SORT_BY_ALIGNMENT(.exc_vector_table))
 *(SORT_BY_ALIGNMENT(.exc_vector_table.*))
 .exc_vector_table._vector_table_section
                0x0000000008000000       0x40 zephyr/arch/arch/arm/core/cortex_m/libarch__arm__core__cortex_m.a(vector_table.S.obj)
                0x0000000008000000                _vector_table
 *(SORT_BY_ALIGNMENT(.vectors))
                0x0000000008000188                _vector_end = .
                0x0000000008000040                . = ALIGN (0x4)
 *(SORT_BY_ALIGNMENT(.gnu.linkonce.irq_vector_table*))
 .gnu.linkonce.irq_vector_table
                0x0000000008000040      0x148 zephyr/CMakeFiles/zephyr_final.dir/isr_tables.c.obj
                0x0000000008000040                _irq_vector_table
                0x0000000008000188                _vector_end = .

text            0x0000000008000188     0x39c0
                0x0000000008000188                __text_region_start = .
 *(SORT_BY_ALIGNMENT(.text))
 .text          0x0000000008000188       0x30 /home/bbzorba/zephyr-sdk-0.16.5/arm-zephyr-eabi/bin/../lib/gcc/arm-zephyr-eabi/12.2.0/thumb/v7e-m/nofp/libgcc.a(_aeabi_uldivmod.o)
                0x0000000008000188                __aeabi_uldivmod
 .text          0x00000000080001b8        0x4 /home/bbzorba/zephyr-sdk-0.16.5/arm-zephyr-eabi/bin/../lib/gcc/arm-zephyr-eabi/12.2.0/thumb/v7e-m/nofp/libgcc.a(_dvmd_tls.o)
                0x00000000080001b8                __aeabi_ldiv0
                0x00000000080001b8                __aeabi_idiv0
 .text          0x00000000080001bc      0x2a0 /home/bbzorba/zephyr-sdk-0.16.5/arm-zephyr-eabi/bin/../lib/gcc/arm-zephyr-eabi/12.2.0/thumb/v7e-m/nofp/libgcc.a(_udivmoddi4.o)
                0x00000000080001bc                __udivmoddi4
 *(SORT_BY_ALIGNMENT(.text.*))
 .text.led_thread
                0x000000000800045c       0x90 app/libapp.a(main.c.obj)
 .text.button_thread
                0x00000000080004ec       0x7c app/libapp.a(main.c.obj)
 .text.main     0x0000000008000568      0x11c app/libapp.a(main.c.obj)
                0x0000000008000568                main
 .text.char_out
                0x0000000008000684        0xc zephyr/libzephyr.a(printk.c.obj)
 .text.__printk_hook_install
                0x0000000008000690        0xc zephyr/libzephyr.a(printk.c.obj)
                0x0000000008000690                __printk_hook_install
 .text.vprintk  0x000000000800069c       0x30 zephyr/libzephyr.a(printk.c.obj)
                0x000000000800069c                vprintk
 .text.z_thread_entry
                0x00000000080006cc       0x34 zephyr/libzephyr.a(thread_entry.c.obj)
                0x00000000080006cc                z_thread_entry
 .text.st_stm32_common_config
                0x0000000008000700       0x14 zephyr/libzephyr.a(soc_config.c.obj)
 .text.soc_early_init_hook
                0x0000000008000714       0x30 zephyr/libzephyr.a(soc.c.obj)
                0x0000000008000714                soc_early_init_hook
 .text.mem_attr_get_regions
                0x0000000008000744        0xc zephyr/libzephyr.a(mem_attr.c.obj)
                0x0000000008000744                mem_attr_get_regions
 .text.arch_bss_zero
                0x0000000008000750       0x2c zephyr/arch/common/libarch__common.a(init.c.obj)
                0x0000000008000750                arch_bss_zero
 .text.arch_data_copy
                0x000000000800077c       0x50 zephyr/arch/common/libarch__common.a(xip.c.obj)
                0x000000000800077c                arch_data_copy
 .text.z_arm_fatal_error
                0x00000000080007cc       0x60 zephyr/arch/arch/arm/core/libarch__arm__core.a(fatal.c.obj)
                0x00000000080007cc                z_arm_fatal_error
 .text.z_SysNmiOnReset
                0x000000000800082c        0x8 zephyr/arch/arch/arm/core/libarch__arm__core.a(nmi_on_reset.S.obj)
                0x000000000800082c                z_SysNmiOnReset
 .text.arch_tls_stack_setup
                0x0000000008000834       0x40 zephyr/arch/arch/arm/core/libarch__arm__core.a(tls.c.obj)
                0x0000000008000834                arch_tls_stack_setup
 .text._HandlerModeExit
                0x0000000008000874       0x20 zephyr/arch/arch/arm/core/cortex_m/libarch__arm__core__cortex_m.a(exc_exit.c.obj)
                0x0000000008000874                z_arm_exc_exit
                0x0000000008000874                z_arm_int_exit
 .text.mem_manage_fault
                0x0000000008000894       0xf0 zephyr/arch/arch/arm/core/cortex_m/libarch__arm__core__cortex_m.a(fault.c.obj)
 .text.usage_fault.constprop.0
                0x0000000008000984       0x98 zephyr/arch/arch/arm/core/cortex_m/libarch__arm__core__cortex_m.a(fault.c.obj)
 .text.bus_fault.constprop.0
                0x0000000008000a1c       0xb8 zephyr/arch/arch/arm/core/cortex_m/libarch__arm__core__cortex_m.a(fault.c.obj)
 .text.z_arm_fault
                0x0000000008000ad4      0x1a0 zephyr/arch/arch/arm/core/cortex_m/libarch__arm__core__cortex_m.a(fault.c.obj)
                0x0000000008000ad4                z_arm_fault
 .text.z_arm_fault_init
                0x0000000008000c74       0x18 zephyr/arch/arch/arm/core/cortex_m/libarch__arm__core__cortex_m.a(fault.c.obj)
                0x0000000008000c74                z_arm_fault_init
 .text.__fault  0x0000000008000c8c       0x14 zephyr/arch/arch/arm/core/cortex_m/libarch__arm__core__cortex_m.a(fault_s.S.obj)
                0x0000000008000c8c                z_arm_bus_fault
                0x0000000008000c8c                z_arm_usage_fault
                0x0000000008000c8c                z_arm_mpu_fault
                0x0000000008000c8c                z_arm_exc_spurious
                0x0000000008000c8c                z_arm_debug_monitor
                0x0000000008000c8c                z_arm_hard_fault
 .text._reset_section
                0x0000000008000ca0       0x34 zephyr/arch/arch/arm/core/cortex_m/libarch__arm__core__cortex_m.a(reset.S.obj)
                0x0000000008000ca0                z_arm_reset
                0x0000000008000ca0                __start
 .text.z_impl_k_thread_abort
                0x0000000008000cd4       0x2c zephyr/arch/arch/arm/core/cortex_m/libarch__arm__core__cortex_m.a(thread_abort.c.obj)
                0x0000000008000cd4                z_impl_k_thread_abort
 .text.z_arm_pendsv
                0x0000000008000d00       0x60 zephyr/arch/arch/arm/core/cortex_m/libarch__arm__core__cortex_m.a(swap_helper.S.obj)
                0x0000000008000d00                z_arm_pendsv
 .text.z_arm_svc
                0x0000000008000d60       0x24 zephyr/arch/arch/arm/core/cortex_m/libarch__arm__core__cortex_m.a(swap_helper.S.obj)
                0x0000000008000d60                z_arm_svc
 .text.arm_irq_enable
                0x0000000008000d84       0x1c zephyr/arch/arch/arm/core/cortex_m/libarch__arm__core__cortex_m.a(irq_manage.c.obj)
                0x0000000008000d84                arm_irq_enable
 .text.arm_irq_priority_set
                0x0000000008000da0       0x30 zephyr/arch/arch/arm/core/cortex_m/libarch__arm__core__cortex_m.a(irq_manage.c.obj)
                0x0000000008000da0                arm_irq_priority_set
 .text.relocate_vector_table
                0x0000000008000dd0       0x1c zephyr/arch/arch/arm/core/cortex_m/libarch__arm__core__cortex_m.a(prep_c.c.obj)
                0x0000000008000dd0                relocate_vector_table
 .text.z_prep_c
                0x0000000008000dec       0x38 zephyr/arch/arch/arm/core/cortex_m/libarch__arm__core__cortex_m.a(prep_c.c.obj)
                0x0000000008000dec                z_prep_c
 .text.arch_new_thread
                0x0000000008000e24       0x38 zephyr/arch/arch/arm/core/cortex_m/libarch__arm__core__cortex_m.a(thread.c.obj)
                0x0000000008000e24                arch_new_thread
 .text.z_check_thread_stack_fail
                0x0000000008000e5c       0x2c zephyr/arch/arch/arm/core/cortex_m/libarch__arm__core__cortex_m.a(thread.c.obj)
                0x0000000008000e5c                z_check_thread_stack_fail
 .text.arch_switch_to_main_thread
                0x0000000008000e88       0x3c zephyr/arch/arch/arm/core/cortex_m/libarch__arm__core__cortex_m.a(thread.c.obj)
                0x0000000008000e88                arch_switch_to_main_thread
 .text.z_arm_cpu_idle_init
                0x0000000008000ec4        0xc zephyr/arch/arch/arm/core/cortex_m/libarch__arm__core__cortex_m.a(cpu_idle.c.obj)
                0x0000000008000ec4                z_arm_cpu_idle_init
 .text.z_arm_interrupt_init
                0x0000000008000ed0       0x18 zephyr/arch/arch/arm/core/cortex_m/libarch__arm__core__cortex_m.a(irq_init.c.obj)
                0x0000000008000ed0                z_arm_interrupt_init
 .text._isr_wrapper
                0x0000000008000ee8       0x24 zephyr/arch/arch/arm/core/cortex_m/libarch__arm__core__cortex_m.a(isr_wrapper.c.obj)
                0x0000000008000ee8                _isr_wrapper
 .text.z_arm_configure_static_mpu_regions
                0x0000000008000f0c       0x18 zephyr/arch/arch/arm/core/mpu/libarch__arm__core__mpu.a(arm_core_mpu.c.obj)
                0x0000000008000f0c                z_arm_configure_static_mpu_regions
 .text.z_arm_configure_dynamic_mpu_regions
                0x0000000008000f24       0x20 zephyr/arch/arch/arm/core/mpu/libarch__arm__core__mpu.a(arm_core_mpu.c.obj)
                0x0000000008000f24                z_arm_configure_dynamic_mpu_regions
 .text.region_init
                0x0000000008000f44       0x28 zephyr/arch/arch/arm/core/mpu/libarch__arm__core__mpu.a(arm_mpu.c.obj)
 .text.mpu_configure_regions
                0x0000000008000f6c       0x6c zephyr/arch/arch/arm/core/mpu/libarch__arm__core__mpu.a(arm_mpu.c.obj)
 .text.arm_core_mpu_enable
                0x0000000008000fd8       0x18 zephyr/arch/arch/arm/core/mpu/libarch__arm__core__mpu.a(arm_mpu.c.obj)
                0x0000000008000fd8                arm_core_mpu_enable
 .text.arm_core_mpu_disable
                0x0000000008000ff0       0x14 zephyr/arch/arch/arm/core/mpu/libarch__arm__core__mpu.a(arm_mpu.c.obj)
                0x0000000008000ff0                arm_core_mpu_disable
 .text.arm_core_mpu_configure_static_mpu_regions
                0x0000000008001004       0x14 zephyr/arch/arch/arm/core/mpu/libarch__arm__core__mpu.a(arm_mpu.c.obj)
                0x0000000008001004                arm_core_mpu_configure_static_mpu_regions
 .text.arm_core_mpu_configure_dynamic_mpu_regions
                0x0000000008001018       0x38 zephyr/arch/arch/arm/core/mpu/libarch__arm__core__mpu.a(arm_mpu.c.obj)
                0x0000000008001018                arm_core_mpu_configure_dynamic_mpu_regions
 .text.z_arm_mpu_init
                0x0000000008001050      0x188 zephyr/arch/arch/arm/core/mpu/libarch__arm__core__mpu.a(arm_mpu.c.obj)
                0x0000000008001050                z_arm_mpu_init
 .text.z_impl_zephyr_fputc
                0x00000000080011d8       0x10 zephyr/lib/libc/picolibc/liblib__libc__picolibc.a(stdio.c.obj)
                0x00000000080011d8                z_impl_zephyr_fputc
 .text.__stdout_hook_install
                0x00000000080011e8       0x18 zephyr/lib/libc/picolibc/liblib__libc__picolibc.a(stdio.c.obj)
                0x00000000080011e8                __stdout_hook_install
 .text.malloc_prepare
                0x0000000008001200       0x24 zephyr/lib/libc/common/liblib__libc__common.a(malloc.c.obj)
 .text.stm32_exti_init
                0x0000000008001224       0x3c zephyr/drivers/interrupt_controller/libdrivers__interrupt_controller.a(intc_exti_stm32.c.obj)
 .text.stm32_exti_is_pending
                0x0000000008001260       0x20 zephyr/drivers/interrupt_controller/libdrivers__interrupt_controller.a(intc_exti_stm32.c.obj)
                0x0000000008001260                stm32_exti_is_pending
 .text.stm32_exti_clear_pending
                0x0000000008001280       0x20 zephyr/drivers/interrupt_controller/libdrivers__interrupt_controller.a(intc_exti_stm32.c.obj)
                0x0000000008001280                stm32_exti_clear_pending
 .text.stm32_fill_irq_table
                0x00000000080012a0       0x18 zephyr/drivers/interrupt_controller/libdrivers__interrupt_controller.a(intc_gpio_stm32.c.obj)
 .text.stm32_intc_gpio_isr
                0x00000000080012b8       0x4c zephyr/drivers/interrupt_controller/libdrivers__interrupt_controller.a(intc_gpio_stm32.c.obj)
 .text.stm32_gpio_intc_enable_line
                0x0000000008001304       0x2c zephyr/drivers/interrupt_controller/libdrivers__interrupt_controller.a(intc_gpio_stm32.c.obj)
                0x0000000008001304                stm32_gpio_intc_enable_line
 .text.stm32_gpio_intc_disable_line
                0x0000000008001330       0x10 zephyr/drivers/interrupt_controller/libdrivers__interrupt_controller.a(intc_gpio_stm32.c.obj)
                0x0000000008001330                stm32_gpio_intc_disable_line
 .text.stm32_gpio_intc_select_line_trigger
                0x0000000008001340       0x50 zephyr/drivers/interrupt_controller/libdrivers__interrupt_controller.a(intc_gpio_stm32.c.obj)
                0x0000000008001340                stm32_gpio_intc_select_line_trigger
 .text.stm32_gpio_intc_set_irq_callback
                0x0000000008001390       0x40 zephyr/drivers/interrupt_controller/libdrivers__interrupt_controller.a(intc_gpio_stm32.c.obj)
                0x0000000008001390                stm32_gpio_intc_set_irq_callback
 .text.stm32_gpio_intc_remove_irq_callback
                0x00000000080013d0       0x24 zephyr/drivers/interrupt_controller/libdrivers__interrupt_controller.a(intc_gpio_stm32.c.obj)
                0x00000000080013d0                stm32_gpio_intc_remove_irq_callback
 .text.stm32_exti_get_line_src_port
                0x00000000080013f4       0x30 zephyr/drivers/interrupt_controller/libdrivers__interrupt_controller.a(intc_gpio_stm32.c.obj)
                0x00000000080013f4                stm32_exti_get_line_src_port
 .text.stm32_clock_control_get_subsys_rate
                0x0000000008001424       0xbc zephyr/drivers/clock_control/libdrivers__clock_control.a(clock_stm32_ll_common.c.obj)
 .text.stm32_clock_control_init
                0x00000000080014e0      0x144 zephyr/drivers/clock_control/libdrivers__clock_control.a(clock_stm32_ll_common.c.obj)
                0x00000000080014e0                stm32_clock_control_init
 .text.get_pllsrc_frequency
                0x0000000008001624        0x8 zephyr/drivers/clock_control/libdrivers__clock_control.a(clock_stm32f2_f4_f7.c.obj)
                0x0000000008001624                get_pllsrc_frequency
 .text.config_pll_sysclock
                0x000000000800162c       0x38 zephyr/drivers/clock_control/libdrivers__clock_control.a(clock_stm32f2_f4_f7.c.obj)
                0x000000000800162c                config_pll_sysclock
 .text.config_plli2s
                0x0000000008001664       0x3c zephyr/drivers/clock_control/libdrivers__clock_control.a(clock_stm32f2_f4_f7.c.obj)
                0x0000000008001664                config_plli2s
 .text.config_enable_default_clocks
                0x00000000080016a0       0x20 zephyr/drivers/clock_control/libdrivers__clock_control.a(clock_stm32f2_f4_f7.c.obj)
                0x00000000080016a0                config_enable_default_clocks
 .text.uart_console_init
                0x00000000080016c0       0x28 zephyr/drivers/console/libdrivers__console.a(uart_console.c.obj)
 .text.console_out
                0x00000000080016e8       0x28 zephyr/drivers/console/libdrivers__console.a(uart_console.c.obj)
 .text.gpio_stm32_pin_interrupt_configure
                0x0000000008001710       0xb0 zephyr/drivers/gpio/libdrivers__gpio.a(gpio_stm32.c.obj)
 .text.gpio_stm32_init
                0x00000000080017c0       0x38 zephyr/drivers/gpio/libdrivers__gpio.a(gpio_stm32.c.obj)
 .text.pinctrl_configure_pins
                0x00000000080017f8       0x84 zephyr/drivers/pinctrl/libdrivers__pinctrl.a(pinctrl_stm32.c.obj)
                0x00000000080017f8                pinctrl_configure_pins
 .text.uart_stm32_parameters_set
                0x000000000800187c      0x100 zephyr/drivers/serial/libdrivers__serial.a(uart_stm32.c.obj)
 .text.uart_stm32_configure
                0x000000000800197c      0x13c zephyr/drivers/serial/libdrivers__serial.a(uart_stm32.c.obj)
 .text.uart_stm32_init
                0x0000000008001ab8       0xbc zephyr/drivers/serial/libdrivers__serial.a(uart_stm32.c.obj)
 .text.elapsed  0x0000000008001b74       0x4c zephyr/drivers/timer/libdrivers__timer.a(cortex_m_systick.c.obj)
 .text.sys_clock_driver_init
                0x0000000008001bc0       0x38 zephyr/drivers/timer/libdrivers__timer.a(cortex_m_systick.c.obj)
 .text.sys_clock_isr
                0x0000000008001bf8       0x60 zephyr/drivers/timer/libdrivers__timer.a(cortex_m_systick.c.obj)
                0x0000000008001bf8                sys_clock_isr
 .text.sys_clock_set_timeout
                0x0000000008001c58       0xf8 zephyr/drivers/timer/libdrivers__timer.a(cortex_m_systick.c.obj)
                0x0000000008001c58                sys_clock_set_timeout
 .text.sys_clock_elapsed
                0x0000000008001d50       0x3c zephyr/drivers/timer/libdrivers__timer.a(cortex_m_systick.c.obj)
                0x0000000008001d50                sys_clock_elapsed
 .text.HAL_RCC_GetSysClockFreq
                0x0000000008001d8c       0x5c modules/hal_stm32/stm32cube/lib..__modules__hal__stm32__stm32cube.a(stm32f4xx_hal_rcc.c.obj)
                0x0000000008001d8c                HAL_RCC_GetSysClockFreq
 .text.LL_SetFlashLatency
                0x0000000008001de8       0xe4 modules/hal_stm32/stm32cube/lib..__modules__hal__stm32__stm32cube.a(stm32f4xx_ll_utils.c.obj)
                0x0000000008001de8                LL_SetFlashLatency
 .text.z_fatal_error
                0x0000000008001ecc       0x30 zephyr/kernel/libkernel.a(fatal.c.obj)
                0x0000000008001ecc                z_fatal_error
 .text.z_sys_init_run_level
                0x0000000008001efc       0x30 zephyr/kernel/libkernel.a(init.c.obj)
 .text.bg_thread_main
                0x0000000008001f2c       0xc0 zephyr/kernel/libkernel.a(init.c.obj)
 .text.z_init_cpu
                0x0000000008001fec       0x70 zephyr/kernel/libkernel.a(init.c.obj)
                0x0000000008001fec                z_init_cpu
 .text.z_cstart
                0x000000000800205c       0xcc zephyr/kernel/libkernel.a(init.c.obj)
                0x000000000800205c                z_cstart
 .text.z_setup_new_thread
                0x0000000008002128       0x98 zephyr/kernel/libkernel.a(thread.c.obj)
                0x0000000008002128                z_setup_new_thread
 .text.z_impl_k_thread_create
                0x00000000080021c0       0x58 zephyr/kernel/libkernel.a(thread.c.obj)
                0x00000000080021c0                z_impl_k_thread_create
 .text.z_dummy_thread_init
                0x0000000008002218       0x18 zephyr/kernel/libkernel.a(thread.c.obj)
                0x0000000008002218                z_dummy_thread_init
 .text.z_swap_irqlock
                0x0000000008002230       0x30 zephyr/kernel/libkernel.a(sched.c.obj)
 .text.ready_thread
                0x0000000008002260       0x84 zephyr/kernel/libkernel.a(sched.c.obj)
 .text.unready_thread
                0x00000000080022e4       0x54 zephyr/kernel/libkernel.a(sched.c.obj)
 .text.move_current_to_end_of_prio_q
                0x0000000008002338       0x70 zephyr/kernel/libkernel.a(sched.c.obj)
                0x0000000008002338                move_current_to_end_of_prio_q
 .text.z_reschedule
                0x00000000080023a8       0x24 zephyr/kernel/libkernel.a(sched.c.obj)
                0x00000000080023a8                z_reschedule
 .text.z_reschedule_irqlock
                0x00000000080023cc       0x28 zephyr/kernel/libkernel.a(sched.c.obj)
                0x00000000080023cc                z_reschedule_irqlock
 .text.k_sched_lock
                0x00000000080023f4       0x28 zephyr/kernel/libkernel.a(sched.c.obj)
                0x00000000080023f4                k_sched_lock
 .text.k_sched_unlock
                0x000000000800241c       0x68 zephyr/kernel/libkernel.a(sched.c.obj)
                0x000000000800241c                k_sched_unlock
 .text.z_sched_init
                0x0000000008002484       0x10 zephyr/kernel/libkernel.a(sched.c.obj)
                0x0000000008002484                z_sched_init
 .text.z_impl_k_yield
                0x0000000008002494       0x88 zephyr/kernel/libkernel.a(sched.c.obj)
                0x0000000008002494                z_impl_k_yield
 .text.z_tick_sleep
                0x000000000800251c       0x78 zephyr/kernel/libkernel.a(sched.c.obj)
 .text.z_impl_k_wakeup
                0x0000000008002594       0x48 zephyr/kernel/libkernel.a(sched.c.obj)
                0x0000000008002594                z_impl_k_wakeup
 .text.z_impl_k_sched_current_thread_query
                0x00000000080025dc        0xc zephyr/kernel/libkernel.a(sched.c.obj)
                0x00000000080025dc                z_impl_k_sched_current_thread_query
 .text.z_thread_abort
                0x00000000080025e8      0x140 zephyr/kernel/libkernel.a(sched.c.obj)
                0x00000000080025e8                z_thread_abort
 .text.slice_timeout
                0x0000000008002728       0x20 zephyr/kernel/libkernel.a(timeslicing.c.obj)
 .text.thread_is_sliceable
                0x0000000008002748       0x3c zephyr/kernel/libkernel.a(timeslicing.c.obj)
                0x0000000008002748                thread_is_sliceable
 .text.z_reset_time_slice
                0x0000000008002784       0x50 zephyr/kernel/libkernel.a(timeslicing.c.obj)
                0x0000000008002784                z_reset_time_slice
 .text.z_time_slice
                0x00000000080027d4       0x5c zephyr/kernel/libkernel.a(timeslicing.c.obj)
                0x00000000080027d4                z_time_slice
 .text.first    0x0000000008002830       0x10 zephyr/kernel/libkernel.a(timeout.c.obj)
 .text.elapsed  0x0000000008002840       0x14 zephyr/kernel/libkernel.a(timeout.c.obj)
 .text.remove_timeout
                0x0000000008002854       0x38 zephyr/kernel/libkernel.a(timeout.c.obj)
 .text.z_add_timeout
                0x000000000800288c      0x120 zephyr/kernel/libkernel.a(timeout.c.obj)
                0x000000000800288c                z_add_timeout
 .text.sys_clock_announce
                0x00000000080029ac       0xc0 zephyr/kernel/libkernel.a(timeout.c.obj)
                0x00000000080029ac                sys_clock_announce
 .text.sys_clock_tick_get
                0x0000000008002a6c       0x30 zephyr/kernel/libkernel.a(timeout.c.obj)
                0x0000000008002a6c                sys_clock_tick_get
 .text.boot_banner
                0x0000000008002a9c        0xc zephyr/kernel/libkernel.a(banner.c.obj)
                0x0000000008002a9c                boot_banner
 .text.printf   0x0000000008002aa8       0x24 /home/bbzorba/zephyr-sdk-0.16.5/arm-zephyr-eabi/bin/../lib/gcc/../../picolibc/arm-zephyr-eabi/lib/thumb/v7e-m/nofp/libc.a(libc_tinystdio_printf.c.o)
                0x0000000008002aa8                printf
 .text.puts     0x0000000008002acc       0x40 /home/bbzorba/zephyr-sdk-0.16.5/arm-zephyr-eabi/bin/../lib/gcc/../../picolibc/arm-zephyr-eabi/lib/thumb/v7e-m/nofp/libc.a(libc_tinystdio_puts.c.o)
                0x0000000008002acc                puts
 .text.__l_vfprintf
                0x0000000008002b0c      0x4b8 /home/bbzorba/zephyr-sdk-0.16.5/arm-zephyr-eabi/bin/../lib/gcc/../../picolibc/arm-zephyr-eabi/lib/thumb/v7e-m/nofp/libc.a(libc_tinystdio_vflprintf.c.o)
                0x0000000008002b0c                __l_vfprintf
 .text._OffsetAbsSyms
                0x0000000008002fc4        0x2 zephyr/CMakeFiles/offsets.dir/./arch/arm/core/offsets/offsets.c.obj
                0x0000000008002fc4                _OffsetAbsSyms
 .text.gpio_pin_configure_dt
                0x0000000008002fc6       0x3e app/libapp.a(main.c.obj)
 .text.k_msleep.isra.0
                0x0000000008003004        0xa app/libapp.a(main.c.obj)
 .text.chunk_size
                0x000000000800300e        0xa zephyr/libzephyr.a(heap.c.obj)
 .text.free_list_add
                0x0000000008003018       0x4e zephyr/libzephyr.a(heap.c.obj)
 .text.sys_heap_init
                0x0000000008003066       0x7a zephyr/libzephyr.a(heap.c.obj)
                0x0000000008003066                sys_heap_init
 .text.arch_printk_char_out
                0x00000000080030e0        0x4 zephyr/libzephyr.a(printk.c.obj)
                0x00000000080030e0                arch_printk_char_out
 .text.printk   0x00000000080030e4       0x1a zephyr/libzephyr.a(printk.c.obj)
                0x00000000080030e4                printk
 .text._ConfigAbsSyms
                0x00000000080030fe        0x2 zephyr/libzephyr.a(configs.c.obj)
                0x00000000080030fe                _ConfigAbsSyms
 .text.arch_early_memset
                0x0000000008003100        0x4 zephyr/arch/common/libarch__common.a(init.c.obj)
                0x0000000008003100                arch_early_memset
 .text.arch_early_memcpy
                0x0000000008003104        0x4 zephyr/arch/common/libarch__common.a(init.c.obj)
                0x0000000008003104                arch_early_memcpy
 .text.z_do_kernel_oops
                0x0000000008003108        0x8 zephyr/arch/arch/arm/core/libarch__arm__core.a(fatal.c.obj)
                0x0000000008003108                z_do_kernel_oops
 .text.z_arm_nmi
                0x0000000008003110        0xe zephyr/arch/arch/arm/core/libarch__arm__core.a(nmi.c.obj)
                0x0000000008003110                z_arm_nmi
 .text.z_irq_spurious
                0x000000000800311e        0x8 zephyr/arch/arch/arm/core/cortex_m/libarch__arm__core__cortex_m.a(irq_manage.c.obj)
                0x000000000800311e                z_irq_spurious
 .text.arch_coprocessors_disable
                0x0000000008003126        0x6 zephyr/arch/arch/arm/core/cortex_m/libarch__arm__core__cortex_m.a(thread.c.obj)
                0x0000000008003126                arch_coprocessors_disable
 .text.arch_irq_unlock_outlined
                0x000000000800312c        0xe zephyr/arch/arch/arm/core/cortex_m/libarch__arm__core__cortex_m.a(thread.c.obj)
                0x000000000800312c                arch_irq_unlock_outlined
 .text.arch_cpu_idle
                0x000000000800313a       0x1a zephyr/arch/arch/arm/core/cortex_m/libarch__arm__core__cortex_m.a(cpu_idle.c.obj)
                0x000000000800313a                arch_cpu_idle
 .text.size_to_mpu_rasr_size
                0x0000000008003154       0x20 zephyr/arch/arch/arm/core/mpu/libarch__arm__core__mpu.a(arm_mpu.c.obj)
 .text.picolibc_put
                0x0000000008003174        0xa zephyr/lib/libc/picolibc/liblib__libc__picolibc.a(stdio.c.obj)
 .text.stm32_exti_gpio_intc_init
                0x000000000800317e       0x92 zephyr/drivers/interrupt_controller/libdrivers__interrupt_controller.a(intc_gpio_stm32.c.obj)
 .text.stm32_gpio_intc_get_pin_irq_line
                0x0000000008003210        0xa zephyr/drivers/interrupt_controller/libdrivers__interrupt_controller.a(intc_gpio_stm32.c.obj)
                0x0000000008003210                stm32_gpio_intc_get_pin_irq_line
 .text.stm32_exti_set_line_src_port
                0x000000000800321a       0x36 zephyr/drivers/interrupt_controller/libdrivers__interrupt_controller.a(intc_gpio_stm32.c.obj)
                0x000000000800321a                stm32_exti_set_line_src_port
 .text.stm32_clock_control_on
                0x0000000008003250       0x44 zephyr/drivers/clock_control/libdrivers__clock_control.a(clock_stm32_ll_common.c.obj)
 .text.stm32_clock_control_off
                0x0000000008003294       0x2c zephyr/drivers/clock_control/libdrivers__clock_control.a(clock_stm32_ll_common.c.obj)
 .text.enabled_clock
                0x00000000080032c0       0x1e zephyr/drivers/clock_control/libdrivers__clock_control.a(clock_stm32_ll_common.c.obj)
                0x00000000080032c0                enabled_clock
 .text.stm32_clock_control_configure
                0x00000000080032de       0x58 zephyr/drivers/clock_control/libdrivers__clock_control.a(clock_stm32_ll_common.c.obj)
 .text.stm32_clock_control_get_status
                0x0000000008003336       0x38 zephyr/drivers/clock_control/libdrivers__clock_control.a(clock_stm32_ll_common.c.obj)
 .text.config_regulator_voltage
                0x000000000800336e        0x2 zephyr/drivers/clock_control/libdrivers__clock_control.a(clock_stm32_ll_common.c.obj)
                0x000000000800336e                config_regulator_voltage
 .text.gpio_stm32_port_get_raw
                0x0000000008003370        0xc zephyr/drivers/gpio/libdrivers__gpio.a(gpio_stm32.c.obj)
 .text.gpio_stm32_port_set_masked_raw
                0x000000000800337c       0x12 zephyr/drivers/gpio/libdrivers__gpio.a(gpio_stm32.c.obj)
 .text.gpio_stm32_port_set_bits_raw
                0x000000000800338e        0xa zephyr/drivers/gpio/libdrivers__gpio.a(gpio_stm32.c.obj)
 .text.gpio_stm32_port_clear_bits_raw
                0x0000000008003398        0xc zephyr/drivers/gpio/libdrivers__gpio.a(gpio_stm32.c.obj)
 .text.gpio_stm32_port_toggle_bits
                0x00000000080033a4        0xe zephyr/drivers/gpio/libdrivers__gpio.a(gpio_stm32.c.obj)
 .text.gpio_stm32_manage_callback
                0x00000000080033b2       0x52 zephyr/drivers/gpio/libdrivers__gpio.a(gpio_stm32.c.obj)
 .text.gpio_stm32_configure_raw.isra.0
                0x0000000008003404      0x106 zephyr/drivers/gpio/libdrivers__gpio.a(gpio_stm32.c.obj)
 .text.gpio_stm32_config
                0x000000000800350a       0xd8 zephyr/drivers/gpio/libdrivers__gpio.a(gpio_stm32.c.obj)
 .text.gpio_stm32_isr
                0x00000000080035e2       0x2c zephyr/drivers/gpio/libdrivers__gpio.a(gpio_stm32.c.obj)
 .text.gpio_stm32_configure
                0x000000000800360e       0x30 zephyr/drivers/gpio/libdrivers__gpio.a(gpio_stm32.c.obj)
                0x000000000800360e                gpio_stm32_configure
 .text.pinctrl_lookup_state
                0x000000000800363e       0x26 zephyr/drivers/pinctrl/libdrivers__pinctrl.a(common.c.obj)
                0x000000000800363e                pinctrl_lookup_state
 .text.reset_stm32_status
                0x0000000008003664       0x20 zephyr/drivers/reset/libdrivers__reset.a(reset_stm32.c.obj)
 .text.reset_stm32_line_assert
                0x0000000008003684       0x1c zephyr/drivers/reset/libdrivers__reset.a(reset_stm32.c.obj)
 .text.reset_stm32_line_deassert
                0x00000000080036a0       0x1e zephyr/drivers/reset/libdrivers__reset.a(reset_stm32.c.obj)
 .text.reset_stm32_line_toggle
                0x00000000080036be       0x16 zephyr/drivers/reset/libdrivers__reset.a(reset_stm32.c.obj)
 .text.LL_USART_ClearFlag_PE
                0x00000000080036d4       0x12 zephyr/drivers/serial/libdrivers__serial.a(uart_stm32.c.obj)
 .text.uart_stm32_err_check
                0x00000000080036e6       0x5e zephyr/drivers/serial/libdrivers__serial.a(uart_stm32.c.obj)
 .text.uart_stm32_set_baudrate
                0x0000000008003744       0x66 zephyr/drivers/serial/libdrivers__serial.a(uart_stm32.c.obj)
 .text.uart_stm32_poll_out
                0x00000000080037aa       0x36 zephyr/drivers/serial/libdrivers__serial.a(uart_stm32.c.obj)
 .text.uart_stm32_poll_in
                0x00000000080037e0       0x22 zephyr/drivers/serial/libdrivers__serial.a(uart_stm32.c.obj)
 .text.uart_stm32_config_get
                0x0000000008003802       0x8e zephyr/drivers/serial/libdrivers__serial.a(uart_stm32.c.obj)
 .text.do_device_init
                0x0000000008003890       0x30 zephyr/kernel/libkernel.a(device.c.obj)
                0x0000000008003890                do_device_init
 .text.z_impl_device_is_ready
                0x00000000080038c0       0x16 zephyr/kernel/libkernel.a(device.c.obj)
                0x00000000080038c0                z_impl_device_is_ready
 .text.arch_system_halt
                0x00000000080038d6       0x10 zephyr/kernel/libkernel.a(fatal.c.obj)
                0x00000000080038d6                arch_system_halt
 .text.k_sys_fatal_error_handler
                0x00000000080038e6        0x6 zephyr/kernel/libkernel.a(fatal.c.obj)
                0x00000000080038e6                k_sys_fatal_error_handler
 .text.idle     0x00000000080038ec       0x16 zephyr/kernel/libkernel.a(idle.c.obj)
                0x00000000080038ec                idle
 .text.sys_dlist_remove
                0x0000000008003902       0x10 zephyr/kernel/libkernel.a(sched.c.obj)
 .text.unpend_thread_no_timeout
                0x0000000008003912       0x14 zephyr/kernel/libkernel.a(sched.c.obj)
 .text.z_ready_thread
                0x0000000008003926       0x1e zephyr/kernel/libkernel.a(sched.c.obj)
                0x0000000008003926                z_ready_thread
 .text.z_sched_wake_thread
                0x0000000008003944       0x3a zephyr/kernel/libkernel.a(sched.c.obj)
                0x0000000008003944                z_sched_wake_thread
 .text.z_thread_timeout
                0x000000000800397e        0x8 zephyr/kernel/libkernel.a(sched.c.obj)
                0x000000000800397e                z_thread_timeout
 .text.z_impl_k_sleep
                0x0000000008003986       0x3e zephyr/kernel/libkernel.a(sched.c.obj)
                0x0000000008003986                z_impl_k_sleep
 .text.next_timeout
                0x00000000080039c4       0x2e zephyr/kernel/libkernel.a(timeout.c.obj)
 .text.z_abort_timeout
                0x00000000080039f2       0x50 zephyr/kernel/libkernel.a(timeout.c.obj)
                0x00000000080039f2                z_abort_timeout
 .text.sys_clock_tick_get_32
                0x0000000008003a42        0x8 zephyr/kernel/libkernel.a(timeout.c.obj)
                0x0000000008003a42                sys_clock_tick_get_32
 .text.strnlen  0x0000000008003a4a       0x18 /home/bbzorba/zephyr-sdk-0.16.5/arm-zephyr-eabi/bin/../lib/gcc/../../picolibc/arm-zephyr-eabi/lib/thumb/v7e-m/nofp/libc.a(libc_string_strnlen.c.o)
                0x0000000008003a4a                strnlen
 .text.__ultoa_invert
                0x0000000008003a62       0xae /home/bbzorba/zephyr-sdk-0.16.5/arm-zephyr-eabi/bin/../lib/gcc/../../picolibc/arm-zephyr-eabi/lib/thumb/v7e-m/nofp/libc.a(libc_tinystdio_vflprintf.c.o)
 .text.memcpy   0x0000000008003b10       0x1c /home/bbzorba/zephyr-sdk-0.16.5/arm-zephyr-eabi/bin/../lib/gcc/../../picolibc/arm-zephyr-eabi/lib/thumb/v7e-m/nofp/libc.a(memcpy.c.o)
                0x0000000008003b10                memcpy
                0x0000000008003b10                __aeabi_memcpy
                0x0000000008003b10                __aeabi_memcpy4
                0x0000000008003b10                __aeabi_memcpy8
 .text.memset   0x0000000008003b2c       0x10 /home/bbzorba/zephyr-sdk-0.16.5/arm-zephyr-eabi/bin/../lib/gcc/../../picolibc/arm-zephyr-eabi/lib/thumb/v7e-m/nofp/libc.a(memset.c.o)
                0x0000000008003b2c                memset
 *(SORT_BY_ALIGNMENT(.TEXT.*))
 .TEXT.__aeabi_read_tp
                0x0000000008003b3c        0xc zephyr/arch/arch/arm/core/cortex_m/libarch__arm__core__cortex_m.a(__aeabi_read_tp.S.obj)
                0x0000000008003b3c                __aeabi_read_tp
 *(SORT_BY_ALIGNMENT(.gnu.linkonce.t.*))
 *(SORT_BY_ALIGNMENT(.glue_7t))
 .glue_7t       0x0000000008003b48        0x0 linker stubs
 *(SORT_BY_ALIGNMENT(.glue_7))
 .glue_7        0x0000000008003b48        0x0 linker stubs
 *(SORT_BY_ALIGNMENT(.vfp11_veneer))
 .vfp11_veneer  0x0000000008003b48        0x0 linker stubs
 *(SORT_BY_ALIGNMENT(.v4_bx))
 .v4_bx         0x0000000008003b48        0x0 linker stubs
                0x0000000008003b48                . = ALIGN (0x4)
                0x0000000008003b48                __text_region_end = .

.ARM.exidx      0x0000000008003b48        0x8
                0x0000000008003b48                __exidx_start = .
 *(SORT_BY_ALIGNMENT(.ARM.exidx*) SORT_BY_ALIGNMENT(gnu.linkonce.armexidx.*))
 .ARM.exidx     0x0000000008003b48        0x8 /home/bbzorba/zephyr-sdk-0.16.5/arm-zephyr-eabi/bin/../lib/gcc/arm-zephyr-eabi/12.2.0/thumb/v7e-m/nofp/libgcc.a(_udivmoddi4.o)
                0x0000000008003b50                __exidx_end = .
                0x0000000008003b50                __rodata_region_start = .

initlevel       0x0000000008003b50       0x90
                0x0000000008003b50                __init_start = .
                0x0000000008003b50                __init_EARLY_start = .
 *(SORT_BY_NAME(SORT_BY_ALIGNMENT(.z_init_EARLY_P_?_*)))
 *(SORT_BY_NAME(SORT_BY_ALIGNMENT(.z_init_EARLY_P_??_*)))
 *(SORT_BY_NAME(SORT_BY_ALIGNMENT(.z_init_EARLY_P_???_*)))
                0x0000000008003b50                __init_PRE_KERNEL_1_start = .
 *(SORT_BY_NAME(SORT_BY_ALIGNMENT(.z_init_PRE_KERNEL_1_P_?_*)))
 .z_init_PRE_KERNEL_1_P_1_SUB_00008_
                0x0000000008003b50        0x8 zephyr/drivers/clock_control/libdrivers__clock_control.a(clock_stm32_ll_common.c.obj)
 .z_init_PRE_KERNEL_1_P_1_SUB_0_
                0x0000000008003b58        0x8 zephyr/libzephyr.a(soc_config.c.obj)
 *(SORT_BY_NAME(SORT_BY_ALIGNMENT(.z_init_PRE_KERNEL_1_P_??_*)))
 .z_init_PRE_KERNEL_1_P_35_SUB_00048_
                0x0000000008003b60        0x8 zephyr/drivers/reset/libdrivers__reset.a(reset_stm32.c.obj)
 .z_init_PRE_KERNEL_1_P_40_SUB_00034_
                0x0000000008003b68        0x8 zephyr/drivers/gpio/libdrivers__gpio.a(gpio_stm32.c.obj)
 .z_init_PRE_KERNEL_1_P_40_SUB_00037_
                0x0000000008003b70        0x8 zephyr/drivers/gpio/libdrivers__gpio.a(gpio_stm32.c.obj)
 .z_init_PRE_KERNEL_1_P_40_SUB_00077_
                0x0000000008003b78        0x8 zephyr/drivers/interrupt_controller/libdrivers__interrupt_controller.a(intc_exti_stm32.c.obj)
 .z_init_PRE_KERNEL_1_P_40_SUB_00108_
                0x0000000008003b80        0x8 zephyr/drivers/gpio/libdrivers__gpio.a(gpio_stm32.c.obj)
 .z_init_PRE_KERNEL_1_P_40_SUB_00109_
                0x0000000008003b88        0x8 zephyr/drivers/gpio/libdrivers__gpio.a(gpio_stm32.c.obj)
 .z_init_PRE_KERNEL_1_P_40_SUB_00110_
                0x0000000008003b90        0x8 zephyr/drivers/gpio/libdrivers__gpio.a(gpio_stm32.c.obj)
 .z_init_PRE_KERNEL_1_P_40_SUB_00111_
                0x0000000008003b98        0x8 zephyr/drivers/gpio/libdrivers__gpio.a(gpio_stm32.c.obj)
 .z_init_PRE_KERNEL_1_P_40_SUB_00112_
                0x0000000008003ba0        0x8 zephyr/drivers/gpio/libdrivers__gpio.a(gpio_stm32.c.obj)
 .z_init_PRE_KERNEL_1_P_40_SUB_00113_
                0x0000000008003ba8        0x8 zephyr/drivers/gpio/libdrivers__gpio.a(gpio_stm32.c.obj)
 .z_init_PRE_KERNEL_1_P_40_SUB_00114_
                0x0000000008003bb0        0x8 zephyr/drivers/gpio/libdrivers__gpio.a(gpio_stm32.c.obj)
 .z_init_PRE_KERNEL_1_P_40_SUB_0_
                0x0000000008003bb8        0x8 zephyr/drivers/interrupt_controller/libdrivers__interrupt_controller.a(intc_gpio_stm32.c.obj)
 .z_init_PRE_KERNEL_1_P_50_SUB_00083_
                0x0000000008003bc0        0x8 zephyr/drivers/serial/libdrivers__serial.a(uart_stm32.c.obj)
 .z_init_PRE_KERNEL_1_P_60_SUB_0_
                0x0000000008003bc8        0x8 zephyr/drivers/console/libdrivers__console.a(uart_console.c.obj)
 *(SORT_BY_NAME(SORT_BY_ALIGNMENT(.z_init_PRE_KERNEL_1_P_???_*)))
                0x0000000008003bd0                __init_PRE_KERNEL_2_start = .
 *(SORT_BY_NAME(SORT_BY_ALIGNMENT(.z_init_PRE_KERNEL_2_P_?_*)))
 .z_init_PRE_KERNEL_2_P_0_SUB_0_
                0x0000000008003bd0        0x8 zephyr/drivers/timer/libdrivers__timer.a(cortex_m_systick.c.obj)
 *(SORT_BY_NAME(SORT_BY_ALIGNMENT(.z_init_PRE_KERNEL_2_P_??_*)))
 *(SORT_BY_NAME(SORT_BY_ALIGNMENT(.z_init_PRE_KERNEL_2_P_???_*)))
                0x0000000008003bd8                __init_POST_KERNEL_start = .
 *(SORT_BY_NAME(SORT_BY_ALIGNMENT(.z_init_POST_KERNEL_P_?_*)))
 *(SORT_BY_NAME(SORT_BY_ALIGNMENT(.z_init_POST_KERNEL_P_??_*)))
 .z_init_POST_KERNEL_P_35_SUB_0_
                0x0000000008003bd8        0x8 zephyr/lib/libc/common/liblib__libc__common.a(malloc.c.obj)
 *(SORT_BY_NAME(SORT_BY_ALIGNMENT(.z_init_POST_KERNEL_P_???_*)))
                0x0000000008003be0                __init_APPLICATION_start = .
 *(SORT_BY_NAME(SORT_BY_ALIGNMENT(.z_init_APPLICATION_P_?_*)))
 *(SORT_BY_NAME(SORT_BY_ALIGNMENT(.z_init_APPLICATION_P_??_*)))
 *(SORT_BY_NAME(SORT_BY_ALIGNMENT(.z_init_APPLICATION_P_???_*)))
                0x0000000008003be0                __init_SMP_start = .
 *(SORT_BY_NAME(SORT_BY_ALIGNMENT(.z_init_SMP_P_?_*)))
 *(SORT_BY_NAME(SORT_BY_ALIGNMENT(.z_init_SMP_P_??_*)))
 *(SORT_BY_NAME(SORT_BY_ALIGNMENT(.z_init_SMP_P_???_*)))
                0x0000000008003be0                __init_end = .

device_area     0x0000000008003be0      0x16c
                0x0000000008003be0                _device_list_start = .
 *(SORT_BY_NAME(SORT_BY_ALIGNMENT(._device.static.*_?_*)))
 ._device.static.1_1_
                0x0000000008003be0       0x1c zephyr/drivers/clock_control/libdrivers__clock_control.a(clock_stm32_ll_common.c.obj)
                0x0000000008003be0                __device_dts_ord_8
 *(SORT_BY_NAME(SORT_BY_ALIGNMENT(._device.static.*_??_*)))
 ._device.static.1_35_
                0x0000000008003bfc       0x1c zephyr/drivers/reset/libdrivers__reset.a(reset_stm32.c.obj)
                0x0000000008003bfc                __device_dts_ord_48
 ._device.static.1_40_
                0x0000000008003c18       0x1c zephyr/drivers/interrupt_controller/libdrivers__interrupt_controller.a(intc_exti_stm32.c.obj)
                0x0000000008003c18                __device_dts_ord_77
 ._device.static.1_40_
                0x0000000008003c34       0xfc zephyr/drivers/gpio/libdrivers__gpio.a(gpio_stm32.c.obj)
                0x0000000008003c34                __device_dts_ord_114
                0x0000000008003c50                __device_dts_ord_113
                0x0000000008003c6c                __device_dts_ord_112
                0x0000000008003c88                __device_dts_ord_111
                0x0000000008003ca4                __device_dts_ord_110
                0x0000000008003cc0                __device_dts_ord_37
                0x0000000008003cdc                __device_dts_ord_109
                0x0000000008003cf8                __device_dts_ord_108
                0x0000000008003d14                __device_dts_ord_34
 ._device.static.1_50_
                0x0000000008003d30       0x1c zephyr/drivers/serial/libdrivers__serial.a(uart_stm32.c.obj)
                0x0000000008003d30                __device_dts_ord_83
 *(SORT_BY_NAME(SORT_BY_ALIGNMENT(._device.static.*_???_*)))
 *(SORT_BY_NAME(SORT_BY_ALIGNMENT(._device.static.*_????_*)))
 *(SORT_BY_NAME(SORT_BY_ALIGNMENT(._device.static.*_?????_*)))
                0x0000000008003d4c                _device_list_end = .

sw_isr_table    0x0000000008003d4c      0x290
                0x0000000008003d4c                . = ALIGN (0x4)
 *(SORT_BY_ALIGNMENT(.gnu.linkonce.sw_isr_table*))
 .gnu.linkonce.sw_isr_table
                0x0000000008003d4c      0x290 zephyr/CMakeFiles/zephyr_final.dir/isr_tables.c.obj
                0x0000000008003d4c                _sw_isr_table

initlevel_error
                0x0000000008003b50        0x0
 *(SORT_BY_NAME(SORT_BY_ALIGNMENT(.z_init_*)))
                0x0000000000000001                ASSERT ((SIZEOF (initlevel_error) == 0x0), Undefined initialization levels used.)

app_shmem_regions
                0x0000000008003fdc        0x0
                0x0000000008003fdc                __app_shmem_regions_start = .
 *(SORT_BY_NAME(SORT_BY_ALIGNMENT(.app_regions.*)))
                0x0000000008003fdc                __app_shmem_regions_end = .

k_p4wq_initparam_area
                0x0000000008003fdc        0x0
                0x0000000008003fdc                _k_p4wq_initparam_list_start = .
 *(SORT_BY_NAME(SORT_BY_ALIGNMENT(._k_p4wq_initparam.static.*)))
                0x0000000008003fdc                _k_p4wq_initparam_list_end = .

_static_thread_data_area
                0x0000000008003fdc        0x0
                0x0000000008003fdc                __static_thread_data_list_start = .
 *(SORT_BY_NAME(SORT_BY_ALIGNMENT(.__static_thread_data.static.*)))
                0x0000000008003fdc                __static_thread_data_list_end = .

device_deps     0x0000000008003fdc        0x0
                0x0000000008003fdc                __device_deps_start = .
 *(SORT_BY_NAME(SORT_BY_ALIGNMENT(.__device_deps_pass2*)))
                0x0000000008003fdc                __device_deps_end = .

gpio_driver_api_area
                0x0000000008003fdc       0x24
                0x0000000008003fdc                _gpio_driver_api_list_start = .
 *(SORT_BY_NAME(SORT_BY_ALIGNMENT(._gpio_driver_api.static.*)))
 ._gpio_driver_api.static.gpio_stm32_driver_
                0x0000000008003fdc       0x24 zephyr/drivers/gpio/libdrivers__gpio.a(gpio_stm32.c.obj)
                0x0000000008004000                _gpio_driver_api_list_end = .

reset_driver_api_area
                0x0000000008004000       0x10
                0x0000000008004000                _reset_driver_api_list_start = .
 *(SORT_BY_NAME(SORT_BY_ALIGNMENT(._reset_driver_api.static.*)))
 ._reset_driver_api.static.reset_stm32_driver_api_
                0x0000000008004000       0x10 zephyr/drivers/reset/libdrivers__reset.a(reset_stm32.c.obj)
                0x0000000008004010                _reset_driver_api_list_end = .

shared_irq_driver_api_area
                0x0000000008004010        0x0
                0x0000000008004010                _shared_irq_driver_api_list_start = .
 *(SORT_BY_NAME(SORT_BY_ALIGNMENT(._shared_irq_driver_api.static.*)))
                0x0000000008004010                _shared_irq_driver_api_list_end = .

crypto_driver_api_area
                0x0000000008004010        0x0
                0x0000000008004010                _crypto_driver_api_list_start = .
 *(SORT_BY_NAME(SORT_BY_ALIGNMENT(._crypto_driver_api.static.*)))
                0x0000000008004010                _crypto_driver_api_list_end = .

adc_driver_api_area
                0x0000000008004010        0x0
                0x0000000008004010                _adc_driver_api_list_start = .
 *(SORT_BY_NAME(SORT_BY_ALIGNMENT(._adc_driver_api.static.*)))
                0x0000000008004010                _adc_driver_api_list_end = .

auxdisplay_driver_api_area
                0x0000000008004010        0x0
                0x0000000008004010                _auxdisplay_driver_api_list_start = .
 *(SORT_BY_NAME(SORT_BY_ALIGNMENT(._auxdisplay_driver_api.static.*)))
                0x0000000008004010                _auxdisplay_driver_api_list_end = .

bbram_driver_api_area
                0x0000000008004010        0x0
                0x0000000008004010                _bbram_driver_api_list_start = .
 *(SORT_BY_NAME(SORT_BY_ALIGNMENT(._bbram_driver_api.static.*)))
                0x0000000008004010                _bbram_driver_api_list_end = .

bt_hci_driver_api_area
                0x0000000008004010        0x0
                0x0000000008004010                _bt_hci_driver_api_list_start = .
 *(SORT_BY_NAME(SORT_BY_ALIGNMENT(._bt_hci_driver_api.static.*)))
                0x0000000008004010                _bt_hci_driver_api_list_end = .

can_driver_api_area
                0x0000000008004010        0x0
                0x0000000008004010                _can_driver_api_list_start = .
 *(SORT_BY_NAME(SORT_BY_ALIGNMENT(._can_driver_api.static.*)))
                0x0000000008004010                _can_driver_api_list_end = .

cellular_driver_api_area
                0x0000000008004010        0x0
                0x0000000008004010                _cellular_driver_api_list_start = .
 *(SORT_BY_NAME(SORT_BY_ALIGNMENT(._cellular_driver_api.static.*)))
                0x0000000008004010                _cellular_driver_api_list_end = .

charger_driver_api_area
                0x0000000008004010        0x0
                0x0000000008004010                _charger_driver_api_list_start = .
 *(SORT_BY_NAME(SORT_BY_ALIGNMENT(._charger_driver_api.static.*)))
                0x0000000008004010                _charger_driver_api_list_end = .

clock_control_driver_api_area
                0x0000000008004010       0x1c
                0x0000000008004010                _clock_control_driver_api_list_start = .
 *(SORT_BY_NAME(SORT_BY_ALIGNMENT(._clock_control_driver_api.static.*)))
 ._clock_control_driver_api.static.stm32_clock_control_api_
                0x0000000008004010       0x1c zephyr/drivers/clock_control/libdrivers__clock_control.a(clock_stm32_ll_common.c.obj)
                0x000000000800402c                _clock_control_driver_api_list_end = .

comparator_driver_api_area
                0x000000000800402c        0x0
                0x000000000800402c                _comparator_driver_api_list_start = .
 *(SORT_BY_NAME(SORT_BY_ALIGNMENT(._comparator_driver_api.static.*)))
                0x000000000800402c                _comparator_driver_api_list_end = .

coredump_driver_api_area
                0x000000000800402c        0x0
                0x000000000800402c                _coredump_driver_api_list_start = .
 *(SORT_BY_NAME(SORT_BY_ALIGNMENT(._coredump_driver_api.static.*)))
                0x000000000800402c                _coredump_driver_api_list_end = .

counter_driver_api_area
                0x000000000800402c        0x0
                0x000000000800402c                _counter_driver_api_list_start = .
 *(SORT_BY_NAME(SORT_BY_ALIGNMENT(._counter_driver_api.static.*)))
                0x000000000800402c                _counter_driver_api_list_end = .

crc_driver_api_area
                0x000000000800402c        0x0
                0x000000000800402c                _crc_driver_api_list_start = .
 *(SORT_BY_NAME(SORT_BY_ALIGNMENT(._crc_driver_api.static.*)))
                0x000000000800402c                _crc_driver_api_list_end = .

dac_driver_api_area
                0x000000000800402c        0x0
                0x000000000800402c                _dac_driver_api_list_start = .
 *(SORT_BY_NAME(SORT_BY_ALIGNMENT(._dac_driver_api.static.*)))
                0x000000000800402c                _dac_driver_api_list_end = .

dai_driver_api_area
                0x000000000800402c        0x0
                0x000000000800402c                _dai_driver_api_list_start = .
 *(SORT_BY_NAME(SORT_BY_ALIGNMENT(._dai_driver_api.static.*)))
                0x000000000800402c                _dai_driver_api_list_end = .

display_driver_api_area
                0x000000000800402c        0x0
                0x000000000800402c                _display_driver_api_list_start = .
 *(SORT_BY_NAME(SORT_BY_ALIGNMENT(._display_driver_api.static.*)))
                0x000000000800402c                _display_driver_api_list_end = .

dma_driver_api_area
                0x000000000800402c        0x0
                0x000000000800402c                _dma_driver_api_list_start = .
 *(SORT_BY_NAME(SORT_BY_ALIGNMENT(._dma_driver_api.static.*)))
                0x000000000800402c                _dma_driver_api_list_end = .

edac_driver_api_area
                0x000000000800402c        0x0
                0x000000000800402c                _edac_driver_api_list_start = .
 *(SORT_BY_NAME(SORT_BY_ALIGNMENT(._edac_driver_api.static.*)))
                0x000000000800402c                _edac_driver_api_list_end = .

eeprom_driver_api_area
                0x000000000800402c        0x0
                0x000000000800402c                _eeprom_driver_api_list_start = .
 *(SORT_BY_NAME(SORT_BY_ALIGNMENT(._eeprom_driver_api.static.*)))
                0x000000000800402c                _eeprom_driver_api_list_end = .

emul_bbram_driver_api_area
                0x000000000800402c        0x0
                0x000000000800402c                _emul_bbram_driver_api_list_start = .
 *(SORT_BY_NAME(SORT_BY_ALIGNMENT(._emul_bbram_driver_api.static.*)))
                0x000000000800402c                _emul_bbram_driver_api_list_end = .

fuel_gauge_emul_driver_api_area
                0x000000000800402c        0x0
                0x000000000800402c                _fuel_gauge_emul_driver_api_list_start = .
 *(SORT_BY_NAME(SORT_BY_ALIGNMENT(._fuel_gauge_emul_driver_api.static.*)))
                0x000000000800402c                _fuel_gauge_emul_driver_api_list_end = .

emul_sensor_driver_api_area
                0x000000000800402c        0x0
                0x000000000800402c                _emul_sensor_driver_api_list_start = .
 *(SORT_BY_NAME(SORT_BY_ALIGNMENT(._emul_sensor_driver_api.static.*)))
                0x000000000800402c                _emul_sensor_driver_api_list_end = .

entropy_driver_api_area
                0x000000000800402c        0x0
                0x000000000800402c                _entropy_driver_api_list_start = .
 *(SORT_BY_NAME(SORT_BY_ALIGNMENT(._entropy_driver_api.static.*)))
                0x000000000800402c                _entropy_driver_api_list_end = .

espi_driver_api_area
                0x000000000800402c        0x0
                0x000000000800402c                _espi_driver_api_list_start = .
 *(SORT_BY_NAME(SORT_BY_ALIGNMENT(._espi_driver_api.static.*)))
                0x000000000800402c                _espi_driver_api_list_end = .

espi_saf_driver_api_area
                0x000000000800402c        0x0
                0x000000000800402c                _espi_saf_driver_api_list_start = .
 *(SORT_BY_NAME(SORT_BY_ALIGNMENT(._espi_saf_driver_api.static.*)))
                0x000000000800402c                _espi_saf_driver_api_list_end = .

flash_driver_api_area
                0x000000000800402c        0x0
                0x000000000800402c                _flash_driver_api_list_start = .
 *(SORT_BY_NAME(SORT_BY_ALIGNMENT(._flash_driver_api.static.*)))
                0x000000000800402c                _flash_driver_api_list_end = .

fpga_driver_api_area
                0x000000000800402c        0x0
                0x000000000800402c                _fpga_driver_api_list_start = .
 *(SORT_BY_NAME(SORT_BY_ALIGNMENT(._fpga_driver_api.static.*)))
                0x000000000800402c                _fpga_driver_api_list_end = .

fuel_gauge_driver_api_area
                0x000000000800402c        0x0
                0x000000000800402c                _fuel_gauge_driver_api_list_start = .
 *(SORT_BY_NAME(SORT_BY_ALIGNMENT(._fuel_gauge_driver_api.static.*)))
                0x000000000800402c                _fuel_gauge_driver_api_list_end = .

gnss_driver_api_area
                0x000000000800402c        0x0
                0x000000000800402c                _gnss_driver_api_list_start = .
 *(SORT_BY_NAME(SORT_BY_ALIGNMENT(._gnss_driver_api.static.*)))
                0x000000000800402c                _gnss_driver_api_list_end = .

haptics_driver_api_area
                0x000000000800402c        0x0
                0x000000000800402c                _haptics_driver_api_list_start = .
 *(SORT_BY_NAME(SORT_BY_ALIGNMENT(._haptics_driver_api.static.*)))
                0x000000000800402c                _haptics_driver_api_list_end = .

hwspinlock_driver_api_area
                0x000000000800402c        0x0
                0x000000000800402c                _hwspinlock_driver_api_list_start = .
 *(SORT_BY_NAME(SORT_BY_ALIGNMENT(._hwspinlock_driver_api.static.*)))
                0x000000000800402c                _hwspinlock_driver_api_list_end = .

i2c_driver_api_area
                0x000000000800402c        0x0
                0x000000000800402c                _i2c_driver_api_list_start = .
 *(SORT_BY_NAME(SORT_BY_ALIGNMENT(._i2c_driver_api.static.*)))
                0x000000000800402c                _i2c_driver_api_list_end = .

i2c_target_driver_api_area
                0x000000000800402c        0x0
                0x000000000800402c                _i2c_target_driver_api_list_start = .
 *(SORT_BY_NAME(SORT_BY_ALIGNMENT(._i2c_target_driver_api.static.*)))
                0x000000000800402c                _i2c_target_driver_api_list_end = .

i2s_driver_api_area
                0x000000000800402c        0x0
                0x000000000800402c                _i2s_driver_api_list_start = .
 *(SORT_BY_NAME(SORT_BY_ALIGNMENT(._i2s_driver_api.static.*)))
                0x000000000800402c                _i2s_driver_api_list_end = .

i3c_driver_api_area
                0x000000000800402c        0x0
                0x000000000800402c                _i3c_driver_api_list_start = .
 *(SORT_BY_NAME(SORT_BY_ALIGNMENT(._i3c_driver_api.static.*)))
                0x000000000800402c                _i3c_driver_api_list_end = .

ipm_driver_api_area
                0x000000000800402c        0x0
                0x000000000800402c                _ipm_driver_api_list_start = .
 *(SORT_BY_NAME(SORT_BY_ALIGNMENT(._ipm_driver_api.static.*)))
                0x000000000800402c                _ipm_driver_api_list_end = .

led_driver_api_area
                0x000000000800402c        0x0
                0x000000000800402c                _led_driver_api_list_start = .
 *(SORT_BY_NAME(SORT_BY_ALIGNMENT(._led_driver_api.static.*)))
                0x000000000800402c                _led_driver_api_list_end = .

led_strip_driver_api_area
                0x000000000800402c        0x0
                0x000000000800402c                _led_strip_driver_api_list_start = .
 *(SORT_BY_NAME(SORT_BY_ALIGNMENT(._led_strip_driver_api.static.*)))
                0x000000000800402c                _led_strip_driver_api_list_end = .

lora_driver_api_area
                0x000000000800402c        0x0
                0x000000000800402c                _lora_driver_api_list_start = .
 *(SORT_BY_NAME(SORT_BY_ALIGNMENT(._lora_driver_api.static.*)))
                0x000000000800402c                _lora_driver_api_list_end = .

mbox_driver_api_area
                0x000000000800402c        0x0
                0x000000000800402c                _mbox_driver_api_list_start = .
 *(SORT_BY_NAME(SORT_BY_ALIGNMENT(._mbox_driver_api.static.*)))
                0x000000000800402c                _mbox_driver_api_list_end = .

mdio_driver_api_area
                0x000000000800402c        0x0
                0x000000000800402c                _mdio_driver_api_list_start = .
 *(SORT_BY_NAME(SORT_BY_ALIGNMENT(._mdio_driver_api.static.*)))
                0x000000000800402c                _mdio_driver_api_list_end = .

mipi_dbi_driver_api_area
                0x000000000800402c        0x0
                0x000000000800402c                _mipi_dbi_driver_api_list_start = .
 *(SORT_BY_NAME(SORT_BY_ALIGNMENT(._mipi_dbi_driver_api.static.*)))
                0x000000000800402c                _mipi_dbi_driver_api_list_end = .

mipi_dsi_driver_api_area
                0x000000000800402c        0x0
                0x000000000800402c                _mipi_dsi_driver_api_list_start = .
 *(SORT_BY_NAME(SORT_BY_ALIGNMENT(._mipi_dsi_driver_api.static.*)))
                0x000000000800402c                _mipi_dsi_driver_api_list_end = .

mspi_driver_api_area
                0x000000000800402c        0x0
                0x000000000800402c                _mspi_driver_api_list_start = .
 *(SORT_BY_NAME(SORT_BY_ALIGNMENT(._mspi_driver_api.static.*)))
                0x000000000800402c                _mspi_driver_api_list_end = .

opamp_driver_api_area
                0x000000000800402c        0x0
                0x000000000800402c                _opamp_driver_api_list_start = .
 *(SORT_BY_NAME(SORT_BY_ALIGNMENT(._opamp_driver_api.static.*)))
                0x000000000800402c                _opamp_driver_api_list_end = .

peci_driver_api_area
                0x000000000800402c        0x0
                0x000000000800402c                _peci_driver_api_list_start = .
 *(SORT_BY_NAME(SORT_BY_ALIGNMENT(._peci_driver_api.static.*)))
                0x000000000800402c                _peci_driver_api_list_end = .

ps2_driver_api_area
                0x000000000800402c        0x0
                0x000000000800402c                _ps2_driver_api_list_start = .
 *(SORT_BY_NAME(SORT_BY_ALIGNMENT(._ps2_driver_api.static.*)))
                0x000000000800402c                _ps2_driver_api_list_end = .

ptp_clock_driver_api_area
                0x000000000800402c        0x0
                0x000000000800402c                _ptp_clock_driver_api_list_start = .
 *(SORT_BY_NAME(SORT_BY_ALIGNMENT(._ptp_clock_driver_api.static.*)))
                0x000000000800402c                _ptp_clock_driver_api_list_end = .

pwm_driver_api_area
                0x000000000800402c        0x0
                0x000000000800402c                _pwm_driver_api_list_start = .
 *(SORT_BY_NAME(SORT_BY_ALIGNMENT(._pwm_driver_api.static.*)))
                0x000000000800402c                _pwm_driver_api_list_end = .

regulator_parent_driver_api_area
                0x000000000800402c        0x0
                0x000000000800402c                _regulator_parent_driver_api_list_start = .
 *(SORT_BY_NAME(SORT_BY_ALIGNMENT(._regulator_parent_driver_api.static.*)))
                0x000000000800402c                _regulator_parent_driver_api_list_end = .

regulator_driver_api_area
                0x000000000800402c        0x0
                0x000000000800402c                _regulator_driver_api_list_start = .
 *(SORT_BY_NAME(SORT_BY_ALIGNMENT(._regulator_driver_api.static.*)))
                0x000000000800402c                _regulator_driver_api_list_end = .

retained_mem_driver_api_area
                0x000000000800402c        0x0
                0x000000000800402c                _retained_mem_driver_api_list_start = .
 *(SORT_BY_NAME(SORT_BY_ALIGNMENT(._retained_mem_driver_api.static.*)))
                0x000000000800402c                _retained_mem_driver_api_list_end = .

rtc_driver_api_area
                0x000000000800402c        0x0
                0x000000000800402c                _rtc_driver_api_list_start = .
 *(SORT_BY_NAME(SORT_BY_ALIGNMENT(._rtc_driver_api.static.*)))
                0x000000000800402c                _rtc_driver_api_list_end = .

sdhc_driver_api_area
                0x000000000800402c        0x0
                0x000000000800402c                _sdhc_driver_api_list_start = .
 *(SORT_BY_NAME(SORT_BY_ALIGNMENT(._sdhc_driver_api.static.*)))
                0x000000000800402c                _sdhc_driver_api_list_end = .

sensor_driver_api_area
                0x000000000800402c        0x0
                0x000000000800402c                _sensor_driver_api_list_start = .
 *(SORT_BY_NAME(SORT_BY_ALIGNMENT(._sensor_driver_api.static.*)))
                0x000000000800402c                _sensor_driver_api_list_end = .

smbus_driver_api_area
                0x000000000800402c        0x0
                0x000000000800402c                _smbus_driver_api_list_start = .
 *(SORT_BY_NAME(SORT_BY_ALIGNMENT(._smbus_driver_api.static.*)))
                0x000000000800402c                _smbus_driver_api_list_end = .

spi_driver_api_area
                0x000000000800402c        0x0
                0x000000000800402c                _spi_driver_api_list_start = .
 *(SORT_BY_NAME(SORT_BY_ALIGNMENT(._spi_driver_api.static.*)))
                0x000000000800402c                _spi_driver_api_list_end = .

stepper_driver_api_area
                0x000000000800402c        0x0
                0x000000000800402c                _stepper_driver_api_list_start = .
 *(SORT_BY_NAME(SORT_BY_ALIGNMENT(._stepper_driver_api.static.*)))
                0x000000000800402c                _stepper_driver_api_list_end = .

stepper_drv_driver_api_area
                0x000000000800402c        0x0
                0x000000000800402c                _stepper_drv_driver_api_list_start = .
 *(SORT_BY_NAME(SORT_BY_ALIGNMENT(._stepper_drv_driver_api.static.*)))
                0x000000000800402c                _stepper_drv_driver_api_list_end = .

syscon_driver_api_area
                0x000000000800402c        0x0
                0x000000000800402c                _syscon_driver_api_list_start = .
 *(SORT_BY_NAME(SORT_BY_ALIGNMENT(._syscon_driver_api.static.*)))
                0x000000000800402c                _syscon_driver_api_list_end = .

tee_driver_api_area
                0x000000000800402c        0x0
                0x000000000800402c                _tee_driver_api_list_start = .
 *(SORT_BY_NAME(SORT_BY_ALIGNMENT(._tee_driver_api.static.*)))
                0x000000000800402c                _tee_driver_api_list_end = .

video_driver_api_area
                0x000000000800402c        0x0
                0x000000000800402c                _video_driver_api_list_start = .
 *(SORT_BY_NAME(SORT_BY_ALIGNMENT(._video_driver_api.static.*)))
                0x000000000800402c                _video_driver_api_list_end = .

virtio_driver_api_area
                0x000000000800402c        0x0
                0x000000000800402c                _virtio_driver_api_list_start = .
 *(SORT_BY_NAME(SORT_BY_ALIGNMENT(._virtio_driver_api.static.*)))
                0x000000000800402c                _virtio_driver_api_list_end = .

w1_driver_api_area
                0x000000000800402c        0x0
                0x000000000800402c                _w1_driver_api_list_start = .
 *(SORT_BY_NAME(SORT_BY_ALIGNMENT(._w1_driver_api.static.*)))
                0x000000000800402c                _w1_driver_api_list_end = .

wdt_driver_api_area
                0x000000000800402c        0x0
                0x000000000800402c                _wdt_driver_api_list_start = .
 *(SORT_BY_NAME(SORT_BY_ALIGNMENT(._wdt_driver_api.static.*)))
                0x000000000800402c                _wdt_driver_api_list_end = .

can_transceiver_driver_api_area
                0x000000000800402c        0x0
                0x000000000800402c                _can_transceiver_driver_api_list_start = .
 *(SORT_BY_NAME(SORT_BY_ALIGNMENT(._can_transceiver_driver_api.static.*)))
                0x000000000800402c                _can_transceiver_driver_api_list_end = .

nrf_clock_control_driver_api_area
                0x000000000800402c        0x0
                0x000000000800402c                _nrf_clock_control_driver_api_list_start = .
 *(SORT_BY_NAME(SORT_BY_ALIGNMENT(._nrf_clock_control_driver_api.static.*)))
                0x000000000800402c                _nrf_clock_control_driver_api_list_end = .

i3c_target_driver_api_area
                0x000000000800402c        0x0
                0x000000000800402c                _i3c_target_driver_api_list_start = .
 *(SORT_BY_NAME(SORT_BY_ALIGNMENT(._i3c_target_driver_api.static.*)))
                0x000000000800402c                _i3c_target_driver_api_list_end = .

its_driver_api_area
                0x000000000800402c        0x0
                0x000000000800402c                _its_driver_api_list_start = .
 *(SORT_BY_NAME(SORT_BY_ALIGNMENT(._its_driver_api.static.*)))
                0x000000000800402c                _its_driver_api_list_end = .

vtd_driver_api_area
                0x000000000800402c        0x0
                0x000000000800402c                _vtd_driver_api_list_start = .
 *(SORT_BY_NAME(SORT_BY_ALIGNMENT(._vtd_driver_api.static.*)))
                0x000000000800402c                _vtd_driver_api_list_end = .

renesas_elc_driver_api_area
                0x000000000800402c        0x0
                0x000000000800402c                _renesas_elc_driver_api_list_start = .
 *(SORT_BY_NAME(SORT_BY_ALIGNMENT(._renesas_elc_driver_api.static.*)))
                0x000000000800402c                _renesas_elc_driver_api_list_end = .

tgpio_driver_api_area
                0x000000000800402c        0x0
                0x000000000800402c                _tgpio_driver_api_list_start = .
 *(SORT_BY_NAME(SORT_BY_ALIGNMENT(._tgpio_driver_api.static.*)))
                0x000000000800402c                _tgpio_driver_api_list_end = .

pcie_ctrl_driver_api_area
                0x000000000800402c        0x0
                0x000000000800402c                _pcie_ctrl_driver_api_list_start = .
 *(SORT_BY_NAME(SORT_BY_ALIGNMENT(._pcie_ctrl_driver_api.static.*)))
                0x000000000800402c                _pcie_ctrl_driver_api_list_end = .

pcie_ep_driver_api_area
                0x000000000800402c        0x0
                0x000000000800402c                _pcie_ep_driver_api_list_start = .
 *(SORT_BY_NAME(SORT_BY_ALIGNMENT(._pcie_ep_driver_api.static.*)))
                0x000000000800402c                _pcie_ep_driver_api_list_end = .

psi5_driver_api_area
                0x000000000800402c        0x0
                0x000000000800402c                _psi5_driver_api_list_start = .
 *(SORT_BY_NAME(SORT_BY_ALIGNMENT(._psi5_driver_api.static.*)))
                0x000000000800402c                _psi5_driver_api_list_end = .

sent_driver_api_area
                0x000000000800402c        0x0
                0x000000000800402c                _sent_driver_api_list_start = .
 *(SORT_BY_NAME(SORT_BY_ALIGNMENT(._sent_driver_api.static.*)))
                0x000000000800402c                _sent_driver_api_list_end = .

svc_driver_api_area
                0x000000000800402c        0x0
                0x000000000800402c                _svc_driver_api_list_start = .
 *(SORT_BY_NAME(SORT_BY_ALIGNMENT(._svc_driver_api.static.*)))
                0x000000000800402c                _svc_driver_api_list_end = .

uart_driver_api_area
                0x000000000800402c       0x14
                0x000000000800402c                _uart_driver_api_list_start = .
 *(SORT_BY_NAME(SORT_BY_ALIGNMENT(._uart_driver_api.static.*)))
 ._uart_driver_api.static.uart_stm32_driver_api_
                0x000000000800402c       0x14 zephyr/drivers/serial/libdrivers__serial.a(uart_stm32.c.obj)
                0x0000000008004040                _uart_driver_api_list_end = .

bc12_emul_driver_api_area
                0x0000000008004040        0x0
                0x0000000008004040                _bc12_emul_driver_api_list_start = .
 *(SORT_BY_NAME(SORT_BY_ALIGNMENT(._bc12_emul_driver_api.static.*)))
                0x0000000008004040                _bc12_emul_driver_api_list_end = .

bc12_driver_api_area
                0x0000000008004040        0x0
                0x0000000008004040                _bc12_driver_api_list_start = .
 *(SORT_BY_NAME(SORT_BY_ALIGNMENT(._bc12_driver_api.static.*)))
                0x0000000008004040                _bc12_driver_api_list_end = .

usbc_ppc_driver_api_area
                0x0000000008004040        0x0
                0x0000000008004040                _usbc_ppc_driver_api_list_start = .
 *(SORT_BY_NAME(SORT_BY_ALIGNMENT(._usbc_ppc_driver_api.static.*)))
                0x0000000008004040                _usbc_ppc_driver_api_list_end = .

tcpc_driver_api_area
                0x0000000008004040        0x0
                0x0000000008004040                _tcpc_driver_api_list_start = .
 *(SORT_BY_NAME(SORT_BY_ALIGNMENT(._tcpc_driver_api.static.*)))
                0x0000000008004040                _tcpc_driver_api_list_end = .

usbc_vbus_driver_api_area
                0x0000000008004040        0x0
                0x0000000008004040                _usbc_vbus_driver_api_list_start = .
 *(SORT_BY_NAME(SORT_BY_ALIGNMENT(._usbc_vbus_driver_api.static.*)))
                0x0000000008004040                _usbc_vbus_driver_api_list_end = .

ivshmem_driver_api_area
                0x0000000008004040        0x0
                0x0000000008004040                _ivshmem_driver_api_list_start = .
 *(SORT_BY_NAME(SORT_BY_ALIGNMENT(._ivshmem_driver_api.static.*)))
                0x0000000008004040                _ivshmem_driver_api_list_end = .

ethphy_driver_api_area
                0x0000000008004040        0x0
                0x0000000008004040                _ethphy_driver_api_list_start = .
 *(SORT_BY_NAME(SORT_BY_ALIGNMENT(._ethphy_driver_api.static.*)))
                0x0000000008004040                _ethphy_driver_api_list_end = .

ztest           0x0000000008004040        0x0
                0x0000000008004040                _ztest_expected_result_entry_list_start = .
 *(SORT_BY_NAME(SORT_BY_ALIGNMENT(._ztest_expected_result_entry.static.*)))
                0x0000000008004040                _ztest_expected_result_entry_list_end = .
                0x0000000008004040                _ztest_suite_node_list_start = .
 *(SORT_BY_NAME(SORT_BY_ALIGNMENT(._ztest_suite_node.static.*)))
                0x0000000008004040                _ztest_suite_node_list_end = .
                0x0000000008004040                _ztest_unit_test_list_start = .
 *(SORT_BY_NAME(SORT_BY_ALIGNMENT(._ztest_unit_test.static.*)))
                0x0000000008004040                _ztest_unit_test_list_end = .
                0x0000000008004040                _ztest_test_rule_list_start = .
 *(SORT_BY_NAME(SORT_BY_ALIGNMENT(._ztest_test_rule.static.*)))
                0x0000000008004040                _ztest_test_rule_list_end = .

init_array      0x0000000008004040        0x0
                0x0000000008004040                __zephyr_init_array_start = .
 *(SORT_BY_INIT_PRIORITY(.init_array.*) SORT_BY_INIT_PRIORITY(.ctors.*))
 *(SORT_BY_ALIGNMENT(.init_array) SORT_BY_ALIGNMENT(.ctors))
                0x0000000008004040                __zephyr_init_array_end = .
                0x0000000000000001                ASSERT ((__zephyr_init_array_start == __zephyr_init_array_end), GNU-style constructors required but STATIC_INIT_GNU not enabled)

bt_l2cap_fixed_chan_area
                0x0000000008004040        0x0
                0x0000000008004040                _bt_l2cap_fixed_chan_list_start = .
 *(SORT_BY_NAME(SORT_BY_ALIGNMENT(._bt_l2cap_fixed_chan.static.*)))
                0x0000000008004040                _bt_l2cap_fixed_chan_list_end = .

bt_gatt_service_static_area
                0x0000000008004040        0x0
                0x0000000008004040                _bt_gatt_service_static_list_start = .
 *(SORT_BY_NAME(SORT_BY_ALIGNMENT(._bt_gatt_service_static.static.*)))
                0x0000000008004040                _bt_gatt_service_static_list_end = .

log_strings_area
                0x0000000008004040        0x0
                0x0000000008004040                _log_strings_list_start = .
 *(SORT_BY_NAME(SORT_BY_ALIGNMENT(._log_strings.static.*)))
                0x0000000008004040                _log_strings_list_end = .

log_stmesp_ptr_area
                0x0000000008004040        0x0
                0x0000000008004040                _log_stmesp_ptr_list_start = .
 *(SORT_BY_NAME(SORT_BY_ALIGNMENT(._log_stmesp_ptr.static.*)))
                0x0000000008004040                _log_stmesp_ptr_list_end = .

log_stmesp_str_area
                0x0000000008004040        0x0
                0x0000000008004040                _log_stmesp_str_list_start = .
 *(SORT_BY_NAME(SORT_BY_ALIGNMENT(._log_stmesp_str.static.*)))
                0x0000000008004040                _log_stmesp_str_list_end = .

log_const_area  0x0000000008004040        0x0
                0x0000000008004040                _log_const_list_start = .
 *(SORT_BY_NAME(SORT_BY_ALIGNMENT(._log_const.static.*)))
                0x0000000008004040                _log_const_list_end = .

log_backend_area
                0x0000000008004040        0x0
                0x0000000008004040                _log_backend_list_start = .
 *(SORT_BY_NAME(SORT_BY_ALIGNMENT(._log_backend.static.*)))
                0x0000000008004040                _log_backend_list_end = .

log_link_area   0x0000000008004040        0x0
                0x0000000008004040                _log_link_list_start = .
 *(SORT_BY_NAME(SORT_BY_ALIGNMENT(._log_link.static.*)))
                0x0000000008004040                _log_link_list_end = .

tracing_backend_area
                0x0000000008004040        0x0
                0x0000000008004040                _tracing_backend_list_start = .
 *(SORT_BY_NAME(SORT_BY_ALIGNMENT(._tracing_backend.static.*)))
                0x0000000008004040                _tracing_backend_list_end = .

zephyr_dbg_info
 *(SORT_BY_ALIGNMENT(.dbg_thread_info))

intc_table_area
                0x0000000008004040        0x0
                0x0000000008004040                _intc_table_list_start = .
 *(SORT_BY_NAME(SORT_BY_ALIGNMENT(._intc_table.static.*)))
                0x0000000008004040                _intc_table_list_end = .

symbol_to_keep  0x0000000008004040        0x0
                0x0000000008004040                __symbol_to_keep_start = .
 *(SORT_BY_NAME(SORT_BY_ALIGNMENT(.symbol_to_keep*)))
                0x0000000008004040                __symbol_to_keep_end = .

shell_area      0x0000000008004040        0x0
                0x0000000008004040                _shell_list_start = .
 *(SORT_BY_NAME(SORT_BY_ALIGNMENT(._shell.static.*)))
                0x0000000008004040                _shell_list_end = .

shell_root_cmds_area
                0x0000000008004040        0x0
                0x0000000008004040                _shell_root_cmds_list_start = .
 *(SORT_BY_NAME(SORT_BY_ALIGNMENT(._shell_root_cmds.static.*)))
                0x0000000008004040                _shell_root_cmds_list_end = .

shell_subcmds_area
                0x0000000008004040        0x0
                0x0000000008004040                _shell_subcmds_list_start = .
 *(SORT_BY_NAME(SORT_BY_ALIGNMENT(._shell_subcmds.static.*)))
                0x0000000008004040                _shell_subcmds_list_end = .

shell_dynamic_subcmds_area
                0x0000000008004040        0x0
                0x0000000008004040                _shell_dynamic_subcmds_list_start = .
 *(SORT_BY_NAME(SORT_BY_ALIGNMENT(._shell_dynamic_subcmds.static.*)))
                0x0000000008004040                _shell_dynamic_subcmds_list_end = .

cfb_font_area   0x0000000008004040        0x0
                0x0000000008004040                _cfb_font_list_start = .
 *(SORT_BY_NAME(SORT_BY_ALIGNMENT(._cfb_font.static.*)))
                0x0000000008004040                _cfb_font_list_end = .

tdata           0x0000000008004040        0x0
 *(SORT_BY_ALIGNMENT(.tdata) SORT_BY_ALIGNMENT(.tdata.*) SORT_BY_ALIGNMENT(.gnu.linkonce.td.*))

tbss            0x0000000008004040        0x4
 *(SORT_BY_ALIGNMENT(.tbss) SORT_BY_ALIGNMENT(.tbss.*) SORT_BY_ALIGNMENT(.gnu.linkonce.tb.*) SORT_BY_ALIGNMENT(.tcommon))
 .tbss.z_tls_current
                0x0000000008004040        0x4 zephyr/libzephyr.a(thread_entry.c.obj)
                0x0000000008004040                z_tls_current
                0x0000000008004040                PROVIDE (__tdata_start = LOADADDR (tdata))
                0x0000000000000001                PROVIDE (__tdata_align = ALIGNOF (tdata))
                0x0000000000000000                PROVIDE (__tdata_size = (((SIZEOF (tdata) + __tdata_align) - 0x1) & ~ ((__tdata_align - 0x1))))
                [!provide]                        PROVIDE (__tdata_end = (__tdata_start + __tdata_size))
                0x0000000000000004                PROVIDE (__tbss_align = ALIGNOF (tbss))
                [!provide]                        PROVIDE (__tbss_start = ADDR (tbss))
                0x0000000000000004                PROVIDE (__tbss_size = (((SIZEOF (tbss) + __tbss_align) - 0x1) & ~ ((__tbss_align - 0x1))))
                [!provide]                        PROVIDE (__tbss_end = (__tbss_start + __tbss_size))
                [!provide]                        PROVIDE (__tls_start = __tdata_start)
                [!provide]                        PROVIDE (__tls_end = __tbss_end)
                [!provide]                        PROVIDE (__tls_size = (__tbss_end - __tdata_start))

rodata          0x0000000008004040      0x86c
 *(SORT_BY_ALIGNMENT(.rodata))
 .rodata        0x0000000008004040        0x8 zephyr/drivers/interrupt_controller/libdrivers__interrupt_controller.a(intc_exti_stm32.c.obj)
 *(SORT_BY_ALIGNMENT(.rodata.*))
 .rodata.button
                0x0000000008004048        0x8 app/libapp.a(main.c.obj)
 .rodata.leds   0x0000000008004050       0x20 app/libapp.a(main.c.obj)
 .rodata.mem_attr_region
                0x0000000008004070        0x0 zephyr/libzephyr.a(mem_attr.c.obj)
 .rodata.static_regions
                0x0000000008004070        0xc zephyr/arch/arch/arm/core/mpu/libarch__arm__core__mpu.a(arm_core_mpu.c.obj)
 .rodata.mpu_config
                0x000000000800407c        0x8 zephyr/arch/arch/arm/core/mpu/libarch__arm__core__mpu.a(arm_mpu_regions.c.obj)
                0x000000000800407c                mpu_config
 .rodata.mpu_regions
                0x0000000008004084       0x18 zephyr/arch/arch/arm/core/mpu/libarch__arm__core__mpu.a(arm_mpu_regions.c.obj)
 .rodata.stdout
                0x000000000800409c        0x4 zephyr/lib/libc/picolibc/liblib__libc__picolibc.a(stdio.c.obj)
                0x000000000800409c                stdout
                0x000000000800409c                stderr
 .rodata.gpio_stm32_cfg_i
                0x00000000080040a0       0x14 zephyr/drivers/gpio/libdrivers__gpio.a(gpio_stm32.c.obj)
 .rodata.gpio_stm32_cfg_h
                0x00000000080040b4       0x14 zephyr/drivers/gpio/libdrivers__gpio.a(gpio_stm32.c.obj)
 .rodata.gpio_stm32_cfg_g
                0x00000000080040c8       0x14 zephyr/drivers/gpio/libdrivers__gpio.a(gpio_stm32.c.obj)
 .rodata.gpio_stm32_cfg_f
                0x00000000080040dc       0x14 zephyr/drivers/gpio/libdrivers__gpio.a(gpio_stm32.c.obj)
 .rodata.gpio_stm32_cfg_e
                0x00000000080040f0       0x14 zephyr/drivers/gpio/libdrivers__gpio.a(gpio_stm32.c.obj)
 .rodata.gpio_stm32_cfg_d
                0x0000000008004104       0x14 zephyr/drivers/gpio/libdrivers__gpio.a(gpio_stm32.c.obj)
 .rodata.gpio_stm32_cfg_c
                0x0000000008004118       0x14 zephyr/drivers/gpio/libdrivers__gpio.a(gpio_stm32.c.obj)
 .rodata.gpio_stm32_cfg_b
                0x000000000800412c       0x14 zephyr/drivers/gpio/libdrivers__gpio.a(gpio_stm32.c.obj)
 .rodata.gpio_stm32_cfg_a
                0x0000000008004140       0x14 zephyr/drivers/gpio/libdrivers__gpio.a(gpio_stm32.c.obj)
 .rodata.gpio_ports
                0x0000000008004154       0x68 zephyr/drivers/pinctrl/libdrivers__pinctrl.a(pinctrl_stm32.c.obj)
 .rodata.reset_stm32_config
                0x00000000080041bc        0x4 zephyr/drivers/reset/libdrivers__reset.a(reset_stm32.c.obj)
 .rodata.uart_stm32_cfg_0
                0x00000000080041c0       0x24 zephyr/drivers/serial/libdrivers__serial.a(uart_stm32.c.obj)
 .rodata.pclken_0
                0x00000000080041e4        0x8 zephyr/drivers/serial/libdrivers__serial.a(uart_stm32.c.obj)
 .rodata.__pinctrl_dev_config__device_dts_ord_83
                0x00000000080041ec        0x8 zephyr/drivers/serial/libdrivers__serial.a(uart_stm32.c.obj)
 .rodata.__pinctrl_states__device_dts_ord_83
                0x00000000080041f4        0x8 zephyr/drivers/serial/libdrivers__serial.a(uart_stm32.c.obj)
 .rodata.__pinctrl_state_pins_0__device_dts_ord_83
                0x00000000080041fc       0x10 zephyr/drivers/serial/libdrivers__serial.a(uart_stm32.c.obj)
 .rodata.levels.0
                0x000000000800420c       0x18 zephyr/kernel/libkernel.a(init.c.obj)
 .rodata.CSWTCH.74
                0x0000000008004224        0x6 zephyr/drivers/serial/libdrivers__serial.a(uart_stm32.c.obj)
 .rodata.led_thread.str1.1
                0x000000000800422a        0xf app/libapp.a(main.c.obj)
 .rodata.button_thread.str1.1
                0x0000000008004239       0x1a app/libapp.a(main.c.obj)
 .rodata.main.str1.1
                0x0000000008004253      0x105 app/libapp.a(main.c.obj)
 .rodata.z_arm_fatal_error.str1.1
                0x0000000008004358       0xb3 zephyr/arch/arch/arm/core/libarch__arm__core.a(fatal.c.obj)
 .rodata.mem_manage_fault.str1.1
                0x000000000800440b       0xdf zephyr/arch/arch/arm/core/cortex_m/libarch__arm__core__cortex_m.a(fault.c.obj)
 .rodata.usage_fault.constprop.0.str1.1
                0x00000000080044ea       0xd4 zephyr/arch/arch/arm/core/cortex_m/libarch__arm__core__cortex_m.a(fault.c.obj)
 .rodata.bus_fault.constprop.0.str1.1
                0x00000000080045be       0x8e zephyr/arch/arch/arm/core/cortex_m/libarch__arm__core__cortex_m.a(fault.c.obj)
 .rodata.z_arm_fault.str1.1
                0x000000000800464c      0x119 zephyr/arch/arch/arm/core/cortex_m/libarch__arm__core__cortex_m.a(fault.c.obj)
 .rodata.str1.1
                0x0000000008004765        0xf zephyr/arch/arch/arm/core/mpu/libarch__arm__core__mpu.a(arm_mpu_regions.c.obj)
 .rodata.str1.1
                0x0000000008004774       0x1e zephyr/drivers/interrupt_controller/libdrivers__interrupt_controller.a(intc_exti_stm32.c.obj)
 .rodata.line_range_6.0
                0x0000000008004792        0x2 zephyr/drivers/interrupt_controller/libdrivers__interrupt_controller.a(intc_gpio_stm32.c.obj)
 .rodata.line_range_5.1
                0x0000000008004794        0x2 zephyr/drivers/interrupt_controller/libdrivers__interrupt_controller.a(intc_gpio_stm32.c.obj)
 .rodata.line_range_4.2
                0x0000000008004796        0x2 zephyr/drivers/interrupt_controller/libdrivers__interrupt_controller.a(intc_gpio_stm32.c.obj)
 .rodata.line_range_3.3
                0x0000000008004798        0x2 zephyr/drivers/interrupt_controller/libdrivers__interrupt_controller.a(intc_gpio_stm32.c.obj)
 .rodata.line_range_2.4
                0x000000000800479a        0x2 zephyr/drivers/interrupt_controller/libdrivers__interrupt_controller.a(intc_gpio_stm32.c.obj)
 .rodata.line_range_1.5
                0x000000000800479c        0x2 zephyr/drivers/interrupt_controller/libdrivers__interrupt_controller.a(intc_gpio_stm32.c.obj)
 .rodata.line_range_0.6
                0x000000000800479e        0x2 zephyr/drivers/interrupt_controller/libdrivers__interrupt_controller.a(intc_gpio_stm32.c.obj)
 .rodata.str1.1
                0x00000000080047a0        0xd zephyr/drivers/clock_control/libdrivers__clock_control.a(clock_stm32_ll_common.c.obj)
 .rodata.str1.1
                0x00000000080047ad       0x7e zephyr/drivers/gpio/libdrivers__gpio.a(gpio_stm32.c.obj)
 .rodata.str1.1
                0x000000000800482b       0x11 zephyr/drivers/reset/libdrivers__reset.a(reset_stm32.c.obj)
 .rodata.str1.1
                0x000000000800483c       0x10 zephyr/drivers/serial/libdrivers__serial.a(uart_stm32.c.obj)
 .rodata.AHBPrescTable
                0x000000000800484c       0x10 modules/hal_stm32/stm32cube/lib..__modules__hal__stm32__stm32cube.a(system_stm32f4xx.c.obj)
                0x000000000800484c                AHBPrescTable
 .rodata.z_cstart.str1.1
                0x000000000800485c        0x5 zephyr/kernel/libkernel.a(init.c.obj)
 .rodata.boot_banner.str1.1
                0x0000000008004861       0x3b zephyr/kernel/libkernel.a(banner.c.obj)
 .rodata.__l_vfprintf.str1.1
                0x000000000800489c        0xf /home/bbzorba/zephyr-sdk-0.16.5/arm-zephyr-eabi/bin/../lib/gcc/../../picolibc/arm-zephyr-eabi/lib/thumb/v7e-m/nofp/libc.a(libc_tinystdio_vflprintf.c.o)
 *(SORT_BY_ALIGNMENT(.gnu.linkonce.r.*))
                0x00000000080048ac                . = ALIGN (0x4)
 *fill*         0x00000000080048ab        0x1 
                [!provide]                        PROVIDE (__eh_frame_start = 0x0)
                [!provide]                        PROVIDE (__eh_frame_end = 0x0)
                [!provide]                        PROVIDE (__eh_frame_hdr_start = 0x0)
                [!provide]                        PROVIDE (__eh_frame_hdr_end = 0x0)

/DISCARD/
 *(SORT_BY_ALIGNMENT(.eh_frame))
                0x00000000080048ac                __rodata_region_end = .
                0x00000000080048c0                . = ALIGN (_region_min_align)
                0x0000000008008000                . = ALIGN ((0x1 << LOG2CEIL ((__rodata_region_end - ADDR (rom_start)))))
                0x0000000008008000                __rom_region_end = ((__rom_region_start + .) - ADDR (rom_start))
                0x0000000000008000                __rom_region_size = (__rom_region_end - __rom_region_start)

/DISCARD/
 *(SORT_BY_ALIGNMENT(.got.plt))
 *(SORT_BY_ALIGNMENT(.igot.plt))
 *(SORT_BY_ALIGNMENT(.got))
 *(SORT_BY_ALIGNMENT(.igot))
                0x0000000020000000                . = 0x20000000
                0x0000000020000000                . = ALIGN (_region_min_align)
                0x0000000020000000                _image_ram_start = .

.ramfunc        0x0000000020000000        0x0 load address 0x00000000080048ac
                0x0000000020000000                __ramfunc_region_start = .
                0x0000000020000000                . = ALIGN (_region_min_align)
                0x0000000020000000                . = ALIGN ((0x1 << LOG2CEIL (__ramfunc_size)))
                0x0000000020000000                __ramfunc_start = .
 *(SORT_BY_ALIGNMENT(.ramfunc))
 *(SORT_BY_ALIGNMENT(.ramfunc.*))
                0x0000000020000000                . = ALIGN (_region_min_align)
                0x0000000020000000                . = ALIGN ((0x1 << LOG2CEIL (__ramfunc_size)))
                0x0000000020000000                __ramfunc_end = .
                0x0000000000000000                __ramfunc_size = (__ramfunc_end - __ramfunc_start)
                0x00000000080048ac                __ramfunc_load_start = LOADADDR (.ramfunc)

datas           0x0000000020000000       0x44 load address 0x00000000080048ac
                0x0000000020000000                __data_region_start = .
                0x0000000020000000                __data_start = .
 *(SORT_BY_ALIGNMENT(.data))
 *(SORT_BY_ALIGNMENT(.data.*))
 .data._char_out
                0x0000000020000000        0x4 zephyr/libzephyr.a(printk.c.obj)
 .data.__stdout
                0x0000000020000004       0x10 zephyr/lib/libc/picolibc/liblib__libc__picolibc.a(stdio.c.obj)
 .data.uart_stm32_data_0
                0x0000000020000014        0x8 zephyr/drivers/serial/libdrivers__serial.a(uart_stm32.c.obj)
 .data.uart_cfg_0
                0x000000002000001c        0x8 zephyr/drivers/serial/libdrivers__serial.a(uart_stm32.c.obj)
 .data.SystemCoreClock
                0x0000000020000024        0x4 modules/hal_stm32/stm32cube/lib..__modules__hal__stm32__stm32cube.a(system_stm32f4xx.c.obj)
                0x0000000020000024                SystemCoreClock
 .data.slice_ticks
                0x0000000020000028        0x4 zephyr/kernel/libkernel.a(timeslicing.c.obj)
 .data.timeout_list
                0x000000002000002c        0x8 zephyr/kernel/libkernel.a(timeout.c.obj)
 .data.exti_irq_table
                0x0000000020000034       0x10 zephyr/drivers/interrupt_controller/libdrivers__interrupt_controller.a(intc_gpio_stm32.c.obj)
 *(SORT_BY_ALIGNMENT(.kernel.*))
                0x0000000020000044                __data_end = .
                0x0000000000000044                __data_size = (__data_end - __data_start)
                0x00000000080048ac                __data_load_start = LOADADDR (datas)
                0x00000000080048ac                __data_region_load_start = LOADADDR (datas)

device_states   0x0000000020000044       0x1c load address 0x00000000080048f0
                0x0000000020000044                . = ALIGN (0x4)
                0x0000000020000044                __device_states_start = .
 *(SORT_BY_ALIGNMENT(.z_devstate))
 .z_devstate    0x0000000020000044        0x2 zephyr/drivers/interrupt_controller/libdrivers__interrupt_controller.a(intc_exti_stm32.c.obj)